Component: Arm Compiler for Embedded 6.19 Tool: armlink [5e73cb00]

==============================================================================

Section Cross References

    main_1.o(.text.main) refers to stm32f0xx_hal.o(.text.HAL_Init) for HAL_Init
    main_1.o(.text.main) refers to main_1.o(.text.SystemClock_Config) for SystemClock_Config
    main_1.o(.ARM.exidx.text.main) refers to main_1.o(.text.main) for [Anonymous Symbol]
    main_1.o(.text.SystemClock_Config) refers to rt_memclr.o(.text) for __aeabi_memclr4
    main_1.o(.text.SystemClock_Config) refers to stm32f0xx_hal_rcc.o(.text.HAL_RCC_OscConfig) for HAL_RCC_OscConfig
    main_1.o(.text.SystemClock_Config) refers to main_1.o(.text.Error_Handler) for Error_Handler
    main_1.o(.text.SystemClock_Config) refers to stm32f0xx_hal_rcc.o(.text.HAL_RCC_ClockConfig) for HAL_RCC_ClockConfig
    main_1.o(.ARM.exidx.text.SystemClock_Config) refers to main_1.o(.text.SystemClock_Config) for [Anonymous Symbol]
    main_1.o(.ARM.exidx.text.Error_Handler) refers to main_1.o(.text.Error_Handler) for [Anonymous Symbol]
    stm32f0xx_it.o(.ARM.exidx.text.NMI_Handler) refers to stm32f0xx_it.o(.text.NMI_Handler) for [Anonymous Symbol]
    stm32f0xx_it.o(.ARM.exidx.text.HardFault_Handler) refers to stm32f0xx_it.o(.text.HardFault_Handler) for [Anonymous Symbol]
    stm32f0xx_it.o(.ARM.exidx.text.SVC_Handler) refers to stm32f0xx_it.o(.text.SVC_Handler) for [Anonymous Symbol]
    stm32f0xx_it.o(.ARM.exidx.text.PendSV_Handler) refers to stm32f0xx_it.o(.text.PendSV_Handler) for [Anonymous Symbol]
    stm32f0xx_it.o(.text.SysTick_Handler) refers to stm32f0xx_hal.o(.text.HAL_IncTick) for HAL_IncTick
    stm32f0xx_it.o(.ARM.exidx.text.SysTick_Handler) refers to stm32f0xx_it.o(.text.SysTick_Handler) for [Anonymous Symbol]
    stm32f0xx_hal.o(.text.HAL_Init) refers to stm32f0xx_hal.o(.text.HAL_InitTick) for HAL_InitTick
    stm32f0xx_hal.o(.text.HAL_Init) refers to stm32f0xx_hal_msp.o(.text.HAL_MspInit) for HAL_MspInit
    stm32f0xx_hal.o(.ARM.exidx.text.HAL_Init) refers to stm32f0xx_hal.o(.text.HAL_Init) for [Anonymous Symbol]
    stm32f0xx_hal.o(.text.HAL_InitTick) refers to aeabi_sdiv.o(.text) for __aeabi_uidiv
    stm32f0xx_hal.o(.text.HAL_InitTick) refers to stm32f0xx_hal_cortex.o(.text.HAL_SYSTICK_Config) for HAL_SYSTICK_Config
    stm32f0xx_hal.o(.text.HAL_InitTick) refers to stm32f0xx_hal_cortex.o(.text.HAL_NVIC_SetPriority) for HAL_NVIC_SetPriority
    stm32f0xx_hal.o(.text.HAL_InitTick) refers to system_stm32f0xx.o(.data.SystemCoreClock) for SystemCoreClock
    stm32f0xx_hal.o(.text.HAL_InitTick) refers to stm32f0xx_hal.o(.data.uwTickFreq) for uwTickFreq
    stm32f0xx_hal.o(.text.HAL_InitTick) refers to stm32f0xx_hal.o(.data.uwTickPrio) for uwTickPrio
    stm32f0xx_hal.o(.ARM.exidx.text.HAL_InitTick) refers to stm32f0xx_hal.o(.text.HAL_InitTick) for [Anonymous Symbol]
    stm32f0xx_hal.o(.ARM.exidx.text.HAL_MspInit) refers to stm32f0xx_hal.o(.text.HAL_MspInit) for [Anonymous Symbol]
    stm32f0xx_hal.o(.text.HAL_DeInit) refers to stm32f0xx_hal.o(.text.HAL_MspDeInit) for HAL_MspDeInit
    stm32f0xx_hal.o(.ARM.exidx.text.HAL_DeInit) refers to stm32f0xx_hal.o(.text.HAL_DeInit) for [Anonymous Symbol]
    stm32f0xx_hal.o(.ARM.exidx.text.HAL_MspDeInit) refers to stm32f0xx_hal.o(.text.HAL_MspDeInit) for [Anonymous Symbol]
    stm32f0xx_hal.o(.text.HAL_IncTick) refers to stm32f0xx_hal.o(.data.uwTickFreq) for uwTickFreq
    stm32f0xx_hal.o(.text.HAL_IncTick) refers to stm32f0xx_hal.o(.bss.uwTick) for uwTick
    stm32f0xx_hal.o(.ARM.exidx.text.HAL_IncTick) refers to stm32f0xx_hal.o(.text.HAL_IncTick) for [Anonymous Symbol]
    stm32f0xx_hal.o(.text.HAL_GetTick) refers to stm32f0xx_hal.o(.bss.uwTick) for uwTick
    stm32f0xx_hal.o(.ARM.exidx.text.HAL_GetTick) refers to stm32f0xx_hal.o(.text.HAL_GetTick) for [Anonymous Symbol]
    stm32f0xx_hal.o(.text.HAL_GetTickPrio) refers to stm32f0xx_hal.o(.data.uwTickPrio) for uwTickPrio
    stm32f0xx_hal.o(.ARM.exidx.text.HAL_GetTickPrio) refers to stm32f0xx_hal.o(.text.HAL_GetTickPrio) for [Anonymous Symbol]
    stm32f0xx_hal.o(.text.HAL_SetTickFreq) refers to stm32f0xx_hal.o(.text.HAL_InitTick) for HAL_InitTick
    stm32f0xx_hal.o(.text.HAL_SetTickFreq) refers to stm32f0xx_hal.o(.data.uwTickFreq) for uwTickFreq
    stm32f0xx_hal.o(.text.HAL_SetTickFreq) refers to stm32f0xx_hal.o(.data.uwTickPrio) for uwTickPrio
    stm32f0xx_hal.o(.ARM.exidx.text.HAL_SetTickFreq) refers to stm32f0xx_hal.o(.text.HAL_SetTickFreq) for [Anonymous Symbol]
    stm32f0xx_hal.o(.text.HAL_GetTickFreq) refers to stm32f0xx_hal.o(.data.uwTickFreq) for uwTickFreq
    stm32f0xx_hal.o(.ARM.exidx.text.HAL_GetTickFreq) refers to stm32f0xx_hal.o(.text.HAL_GetTickFreq) for [Anonymous Symbol]
    stm32f0xx_hal.o(.text.HAL_Delay) refers to stm32f0xx_hal.o(.text.HAL_GetTick) for HAL_GetTick
    stm32f0xx_hal.o(.text.HAL_Delay) refers to stm32f0xx_hal.o(.data.uwTickFreq) for uwTickFreq
[...]
    stm32f0xx_ll_utils.o(.text.UTILS_EnablePLLAndSwitchSystem) refers to stm32f0xx_ll_utils.o(.text.LL_RCC_PLL_IsReady) for LL_RCC_PLL_IsReady
    stm32f0xx_ll_utils.o(.text.UTILS_EnablePLLAndSwitchSystem) refers to stm32f0xx_ll_utils.o(.text.LL_RCC_SetAHBPrescaler) for LL_RCC_SetAHBPrescaler
    stm32f0xx_ll_utils.o(.text.UTILS_EnablePLLAndSwitchSystem) refers to stm32f0xx_ll_utils.o(.text.LL_RCC_SetSysClkSource) for LL_RCC_SetSysClkSource
    stm32f0xx_ll_utils.o(.text.UTILS_EnablePLLAndSwitchSystem) refers to stm32f0xx_ll_utils.o(.text.LL_RCC_GetSysClkSource) for LL_RCC_GetSysClkSource
    stm32f0xx_ll_utils.o(.text.UTILS_EnablePLLAndSwitchSystem) refers to stm32f0xx_ll_utils.o(.text.LL_RCC_SetAPB1Prescaler) for LL_RCC_SetAPB1Prescaler
    stm32f0xx_ll_utils.o(.text.UTILS_EnablePLLAndSwitchSystem) refers to stm32f0xx_ll_utils.o(.text.LL_SetSystemCoreClock) for LL_SetSystemCoreClock
    stm32f0xx_ll_utils.o(.text.UTILS_EnablePLLAndSwitchSystem) refers to system_stm32f0xx.o(.data.SystemCoreClock) for SystemCoreClock
    stm32f0xx_ll_utils.o(.text.UTILS_EnablePLLAndSwitchSystem) refers to system_stm32f0xx.o(.rodata.AHBPrescTable) for AHBPrescTable
    stm32f0xx_ll_utils.o(.ARM.exidx.text.UTILS_EnablePLLAndSwitchSystem) refers to stm32f0xx_ll_utils.o(.text.UTILS_EnablePLLAndSwitchSystem) for [Anonymous Symbol]
    stm32f0xx_ll_utils.o(.text.LL_PLL_ConfigSystemClock_HSE) refers to stm32f0xx_ll_utils.o(.text.UTILS_PLL_IsBusy) for UTILS_PLL_IsBusy
    stm32f0xx_ll_utils.o(.text.LL_PLL_ConfigSystemClock_HSE) refers to stm32f0xx_ll_utils.o(.text.UTILS_GetPLLOutputFrequency) for UTILS_GetPLLOutputFrequency
    stm32f0xx_ll_utils.o(.text.LL_PLL_ConfigSystemClock_HSE) refers to stm32f0xx_ll_utils.o(.text.LL_RCC_HSE_IsReady) for LL_RCC_HSE_IsReady
    stm32f0xx_ll_utils.o(.text.LL_PLL_ConfigSystemClock_HSE) refers to stm32f0xx_ll_utils.o(.text.LL_RCC_HSE_EnableBypass) for LL_RCC_HSE_EnableBypass
    stm32f0xx_ll_utils.o(.text.LL_PLL_ConfigSystemClock_HSE) refers to stm32f0xx_ll_utils.o(.text.LL_RCC_HSE_DisableBypass) for LL_RCC_HSE_DisableBypass
    stm32f0xx_ll_utils.o(.text.LL_PLL_ConfigSystemClock_HSE) refers to stm32f0xx_ll_utils.o(.text.LL_RCC_HSE_Enable) for LL_RCC_HSE_Enable
    stm32f0xx_ll_utils.o(.text.LL_PLL_ConfigSystemClock_HSE) refers to stm32f0xx_ll_utils.o(.text.LL_RCC_PLL_ConfigDomain_SYS) for LL_RCC_PLL_ConfigDomain_SYS
    stm32f0xx_ll_utils.o(.text.LL_PLL_ConfigSystemClock_HSE) refers to stm32f0xx_ll_utils.o(.text.UTILS_EnablePLLAndSwitchSystem) for UTILS_EnablePLLAndSwitchSystem
    stm32f0xx_ll_utils.o(.ARM.exidx.text.LL_PLL_ConfigSystemClock_HSE) refers to stm32f0xx_ll_utils.o(.text.LL_PLL_ConfigSystemClock_HSE) for [Anonymous Symbol]
    stm32f0xx_ll_utils.o(.ARM.exidx.text.LL_RCC_HSE_IsReady) refers to stm32f0xx_ll_utils.o(.text.LL_RCC_HSE_IsReady) for [Anonymous Symbol]
    stm32f0xx_ll_utils.o(.ARM.exidx.text.LL_RCC_HSE_EnableBypass) refers to stm32f0xx_ll_utils.o(.text.LL_RCC_HSE_EnableBypass) for [Anonymous Symbol]
    stm32f0xx_ll_utils.o(.ARM.exidx.text.LL_RCC_HSE_DisableBypass) refers to stm32f0xx_ll_utils.o(.text.LL_RCC_HSE_DisableBypass) for [Anonymous Symbol]
    stm32f0xx_ll_utils.o(.ARM.exidx.text.LL_RCC_HSE_Enable) refers to stm32f0xx_ll_utils.o(.text.LL_RCC_HSE_Enable) for [Anonymous Symbol]
    stm32f0xx_ll_utils.o(.ARM.exidx.text.LL_RCC_PLL_IsReady) refers to stm32f0xx_ll_utils.o(.text.LL_RCC_PLL_IsReady) for [Anonymous Symbol]
    stm32f0xx_ll_utils.o(.ARM.exidx.text.LL_RCC_GetAHBPrescaler) refers to stm32f0xx_ll_utils.o(.text.LL_RCC_GetAHBPrescaler) for [Anonymous Symbol]
    stm32f0xx_ll_utils.o(.ARM.exidx.text.LL_RCC_PLL_Enable) refers to stm32f0xx_ll_utils.o(.text.LL_RCC_PLL_Enable) for [Anonymous Symbol]
    stm32f0xx_ll_utils.o(.ARM.exidx.text.LL_RCC_SetAHBPrescaler) refers to stm32f0xx_ll_utils.o(.text.LL_RCC_SetAHBPrescaler) for [Anonymous Symbol]
    stm32f0xx_ll_utils.o(.ARM.exidx.text.LL_RCC_SetSysClkSource) refers to stm32f0xx_ll_utils.o(.text.LL_RCC_SetSysClkSource) for [Anonymous Symbol]
    stm32f0xx_ll_utils.o(.ARM.exidx.text.LL_RCC_GetSysClkSource) refers to stm32f0xx_ll_utils.o(.text.LL_RCC_GetSysClkSource) for [Anonymous Symbol]
    stm32f0xx_ll_utils.o(.ARM.exidx.text.LL_RCC_SetAPB1Prescaler) refers to stm32f0xx_ll_utils.o(.text.LL_RCC_SetAPB1Prescaler) for [Anonymous Symbol]
    startup_stm32f051x8.o(STACK) refers (Special) to heapauxi.o(.text) for __use_two_region_memory
    startup_stm32f051x8.o(HEAP) refers (Special) to heapauxi.o(.text) for __use_two_region_memory
    startup_stm32f051x8.o(RESET) refers (Special) to heapauxi.o(.text) for __use_two_region_memory
    startup_stm32f051x8.o(RESET) refers to startup_stm32f051x8.o(STACK) for __initial_sp
    startup_stm32f051x8.o(RESET) refers to startup_stm32f051x8.o(.text) for Reset_Handler
    startup_stm32f051x8.o(RESET) refers to stm32f0xx_it.o(.text.NMI_Handler) for NMI_Handler
    startup_stm32f051x8.o(RESET) refers to stm32f0xx_it.o(.text.HardFault_Handler) for HardFault_Handler
    startup_stm32f051x8.o(RESET) refers to stm32f0xx_it.o(.text.SVC_Handler) for SVC_Handler
    startup_stm32f051x8.o(RESET) refers to stm32f0xx_it.o(.text.PendSV_Handler) for PendSV_Handler
    startup_stm32f051x8.o(RESET) refers to stm32f0xx_it.o(.text.SysTick_Handler) for SysTick_Handler
    startup_stm32f051x8.o(.text) refers (Special) to heapauxi.o(.text) for __use_two_region_memory
    startup_stm32f051x8.o(.text) refers to system_stm32f0xx.o(.text.SystemInit) for SystemInit
    startup_stm32f051x8.o(.text) refers to __main.o(!!!main) for __main
    startup_stm32f051x8.o(.text) refers to startup_stm32f051x8.o(HEAP) for Heap_Mem
    startup_stm32f051x8.o(.text) refers to startup_stm32f051x8.o(STACK) for Stack_Mem
    stm32f0xx_hal_msp.o(.ARM.exidx.text.HAL_MspInit) refers to stm32f0xx_hal_msp.o(.text.HAL_MspInit) for [Anonymous Symbol]
    system_stm32f0xx.o(.ARM.exidx.text.SystemInit) refers to system_stm32f0xx.o(.text.SystemInit) for [Anonymous Symbol]
    system_stm32f0xx.o(.text.SystemCoreClockUpdate) refers to aeabi_sdiv.o(.text) for __aeabi_uidiv
    system_stm32f0xx.o(.text.SystemCoreClockUpdate) refers to system_stm32f0xx.o(.data.SystemCoreClock) for SystemCoreClock
    system_stm32f0xx.o(.text.SystemCoreClockUpdate) refers to system_stm32f0xx.o(.rodata.AHBPrescTable) for AHBPrescTable
    system_stm32f0xx.o(.ARM.exidx.text.SystemCoreClockUpdate) refers to system_stm32f0xx.o(.text.SystemCoreClockUpdate) for [Anonymous Symbol]
    __main.o(!!!main) refers to __rtentry.o(.ARM.Collect$$rtentry$$00000000) for __rt_entry
    __rtentry.o(.ARM.Collect$$rtentry$$00000000) refers (Special) to __rtentry2.o(.ARM.Collect$$rtentry$$0000000A) for __rt_entry_li
    __rtentry.o(.ARM.Collect$$rtentry$$00000000) refers (Special) to __rtentry2.o(.ARM.Collect$$rtentry$$0000000D) for __rt_entry_main
    __rtentry.o(.ARM.Collect$$rtentry$$00000000) refers (Special) to __rtentry2.o(.ARM.Collect$$rtentry$$0000000C) for __rt_entry_postli_1
    __rtentry.o(.ARM.Collect$$rtentry$$00000000) refers (Special) to __rtentry2.o(.ARM.Collect$$rtentry$$00000009) for __rt_entry_postsh_1
    __rtentry.o(.ARM.Collect$$rtentry$$00000000) refers (Special) to __rtentry2.o(.ARM.Collect$$rtentry$$00000002) for __rt_entry_presh_1
    __rtentry.o(.ARM.Collect$$rtentry$$00000000) refers (Special) to __rtentry4.o(.ARM.Collect$$rtentry$$00000004) for __rt_entry_sh
    aeabi_idiv0_sigfpe.o(.text) refers to rt_div0.o(.text) for __rt_div0
    aeabi_ldiv0_sigfpe.o(.text) refers to rt_div0.o(.text) for __rt_div0
    __rtentry2.o(.ARM.Collect$$rtentry$$00000008) refers to boardinit2.o(.text) for _platform_post_stackheap_init
    __rtentry2.o(.ARM.Collect$$rtentry$$0000000A) refers to libinit.o(.ARM.Collect$$libinit$$00000000) for __rt_lib_init
    __rtentry2.o(.ARM.Collect$$rtentry$$0000000B) refers to boardinit3.o(.text) for _platform_post_lib_init
    __rtentry2.o(.ARM.Collect$$rtentry$$0000000D) refers to main_1.o(.text.main) for main
    __rtentry2.o(.ARM.Collect$$rtentry$$0000000D) refers to exit.o(.text) for exit
    __rtentry2.o(.ARM.exidx) refers to __rtentry2.o(.ARM.Collect$$rtentry$$00000001) for .ARM.Collect$$rtentry$$00000001
    __rtentry2.o(.ARM.exidx) refers to __rtentry2.o(.ARM.Collect$$rtentry$$00000008) for .ARM.Collect$$rtentry$$00000008
    __rtentry2.o(.ARM.exidx) refers to __rtentry2.o(.ARM.Collect$$rtentry$$0000000A) for .ARM.Collect$$rtentry$$0000000A
    __rtentry2.o(.ARM.exidx) refers to __rtentry2.o(.ARM.Collect$$rtentry$$0000000B) for .ARM.Collect$$rtentry$$0000000B
    __rtentry2.o(.ARM.exidx) refers to __rtentry2.o(.ARM.Collect$$rtentry$$0000000D) for .ARM.Collect$$rtentry$$0000000D
    __rtentry4.o(.ARM.Collect$$rtentry$$00000004) refers to sys_stackheap_outer.o(.text) for __user_setup_stackheap
    __rtentry4.o(.ARM.exidx) refers to __rtentry4.o(.ARM.Collect$$rtentry$$00000004) for .ARM.Collect$$rtentry$$00000004
    rt_div0.o(.text) refers to defsig_fpe_outer.o(.text) for __rt_SIGFPE
    sys_stackheap_outer.o(.text) refers to libspace.o(.text) for __user_perproc_libspace
    sys_stackheap_outer.o(.text) refers to startup_stm32f051x8.o(.text) for __user_initial_stackheap
    sys_stackheap_outer.o(__vectab_stack_and_reset_area) refers to tempstk.o(.text) for __temporary_stack_top
    sys_stackheap_outer.o(__vectab_stack_and_reset_area) refers to __main.o(!!!main) for __main
    exit.o(.text) refers to rtexit.o(.ARM.Collect$$rtexit$$00000000) for __rt_exit
    defsig_fpe_outer.o(.text) refers to defsig_fpe_inner.o(.text) for __rt_SIGFPE_inner
    defsig_fpe_outer.o(.text) refers to defsig_exit.o(.text) for __sig_exit
    defsig_fpe_formal.o(.text) refers to rt_raise.o(.text) for __rt_raise
    libinit.o(.ARM.Collect$$libinit$$00000000) refers (Special) to libinit2.o(.ARM.Collect$$libinit$$00000030) for __rt_lib_init_alloca_1
    libinit.o(.ARM.Collect$$libinit$$00000000) refers (Special) to libinit2.o(.ARM.Collect$$libinit$$0000002E) for __rt_lib_init_argv_1
    libinit.o(.ARM.Collect$$libinit$$00000000) refers (Special) to libinit2.o(.ARM.Collect$$libinit$$0000001D) for __rt_lib_init_atexit_1
    libinit.o(.ARM.Collect$$libinit$$00000000) refers (Special) to libinit2.o(.ARM.Collect$$libinit$$00000023) for __rt_lib_init_clock_1
    libinit.o(.ARM.Collect$$libinit$$00000000) refers (Special) to libinit2.o(.ARM.Collect$$libinit$$00000034) for __rt_lib_init_cpp_1
    libinit.o(.ARM.Collect$$libinit$$00000000) refers (Special) to libinit2.o(.ARM.Collect$$libinit$$00000032) for __rt_lib_init_exceptions_1
    libinit.o(.ARM.Collect$$libinit$$00000000) refers (Special) to libinit2.o(.ARM.Collect$$libinit$$00000002) for __rt_lib_init_fp_1
    libinit.o(.ARM.Collect$$libinit$$00000000) refers (Special) to libinit2.o(.ARM.Collect$$libinit$$00000021) for __rt_lib_init_fp_trap_1
    libinit.o(.ARM.Collect$$libinit$$00000000) refers (Special) to libinit2.o(.ARM.Collect$$libinit$$00000025) for __rt_lib_init_getenv_1
    libinit.o(.ARM.Collect$$libinit$$00000000) refers (Special) to libinit2.o(.ARM.Collect$$libinit$$0000000C) for __rt_lib_init_heap_1
    libinit.o(.ARM.Collect$$libinit$$00000000) refers (Special) to libinit2.o(.ARM.Collect$$libinit$$00000013) for __rt_lib_init_lc_collate_1
    libinit.o(.ARM.Collect$$libinit$$00000000) refers (Special) to libinit2.o(.ARM.Collect$$libinit$$00000015) for __rt_lib_init_lc_ctype_1
    libinit.o(.ARM.Collect$$libinit$$00000000) refers (Special) to libinit2.o(.ARM.Collect$$libinit$$00000017) for __rt_lib_init_lc_monetary_1
    libinit.o(.ARM.Collect$$libinit$$00000000) refers (Special) to libinit2.o(.ARM.Collect$$libinit$$00000019) for __rt_lib_init_lc_numeric_1
    libinit.o(.ARM.Collect$$libinit$$00000000) refers (Special) to libinit2.o(.ARM.Collect$$libinit$$0000001B) for __rt_lib_init_lc_time_1
    libinit.o(.ARM.Collect$$libinit$$00000000) refers (Special) to libinit2.o(.ARM.Collect$$libinit$$00000006) for __rt_lib_init_preinit_1
    libinit.o(.ARM.Collect$$libinit$$00000000) refers (Special) to libinit2.o(.ARM.Collect$$libinit$$00000010) for __rt_lib_init_rand_1
    libinit.o(.ARM.Collect$$libinit$$00000000) refers (Special) to libinit2.o(.ARM.Collect$$libinit$$00000004) for __rt_lib_init_relocate_pie_1
    libinit.o(.ARM.Collect$$libinit$$00000000) refers (Special) to libinit2.o(.ARM.Collect$$libinit$$00000035) for __rt_lib_init_return
    libinit.o(.ARM.Collect$$libinit$$00000000) refers (Special) to libinit2.o(.ARM.Collect$$libinit$$0000001F) for __rt_lib_init_signal_1
    libinit.o(.ARM.Collect$$libinit$$00000000) refers (Special) to libinit2.o(.ARM.Collect$$libinit$$00000027) for __rt_lib_init_stdio_1
    libinit.o(.ARM.Collect$$libinit$$00000000) refers (Special) to libinit2.o(.ARM.Collect$$libinit$$0000000E) for __rt_lib_init_user_alloc_1
    libspace.o(.text) refers to libspace.o(.bss) for __libspace_start
    rtexit.o(.ARM.Collect$$rtexit$$00000000) refers (Special) to rtexit2.o(.ARM.Collect$$rtexit$$00000004) for __rt_exit_exit
    rtexit.o(.ARM.Collect$$rtexit$$00000000) refers (Special) to rtexit2.o(.ARM.Collect$$rtexit$$00000003) for __rt_exit_ls
    rtexit.o(.ARM.Collect$$rtexit$$00000000) refers (Special) to rtexit2.o(.ARM.Collect$$rtexit$$00000002) for __rt_exit_prels_1
    rtexit.o(.ARM.exidx) refers (Special) to rtexit2.o(.ARM.Collect$$rtexit$$00000004) for __rt_exit_exit
    rtexit.o(.ARM.exidx) refers (Special) to rtexit2.o(.ARM.Collect$$rtexit$$00000003) for __rt_exit_ls
    rtexit.o(.ARM.exidx) refers (Special) to rtexit2.o(.ARM.Collect$$rtexit$$00000002) for __rt_exit_prels_1
    rtexit.o(.ARM.exidx) refers to rtexit.o(.ARM.Collect$$rtexit$$00000000) for .ARM.Collect$$rtexit$$00000000
    rt_raise.o(.text) refers to __raise.o(.text) for __raise
    rt_raise.o(.text) refers to sys_exit.o(.text) for _sys_exit
    defsig_exit.o(.text) refers to sys_exit.o(.text) for _sys_exit
    defsig_fpe_inner.o(.text) refers to defsig_general.o(.text) for __default_signal_display
    libinit2.o(.ARM.Collect$$libinit$$00000012) refers to libinit2.o(.ARM.Collect$$libinit$$00000011) for .ARM.Collect$$libinit$$00000011
    libinit2.o(.ARM.Collect$$libinit$$00000014) refers to libinit2.o(.ARM.Collect$$libinit$$00000011) for .ARM.Collect$$libinit$$00000011
    libinit2.o(.ARM.Collect$$libinit$$00000016) refers to libinit2.o(.ARM.Collect$$libinit$$00000011) for .ARM.Collect$$libinit$$00000011
    libinit2.o(.ARM.Collect$$libinit$$00000018) refers to libinit2.o(.ARM.Collect$$libinit$$00000011) for .ARM.Collect$$libinit$$00000011
    libinit2.o(.ARM.Collect$$libinit$$0000001A) refers to libinit2.o(.ARM.Collect$$libinit$$00000011) for .ARM.Collect$$libinit$$00000011
    libinit2.o(.ARM.Collect$$libinit$$00000028) refers to argv_veneer.o(.text) for __ARM_argv_veneer
    libinit2.o(.ARM.Collect$$libinit$$00000029) refers to argv_veneer.o(.text) for __ARM_argv_veneer
    sys_exit.o(.text) refers (Special) to use_no_semi.o(.text) for __I$use$semihosting
    sys_exit.o(.text) refers (Special) to indicate_semi.o(.text) for __semihosting_library_function
    sys_exit_hlt.o(.text) refers (Special) to use_no_semi.o(.text) for __I$use$semihosting
    sys_exit_hlt.o(.text) refers (Special) to indicate_semi.o(.text) for __semihosting_library_function
    rtexit2.o(.ARM.Collect$$rtexit$$00000003) refers to libshutdown.o(.ARM.Collect$$libshutdown$$00000000) for __rt_lib_shutdown
    rtexit2.o(.ARM.Collect$$rtexit$$00000004) refers to sys_exit.o(.text) for _sys_exit
    rtexit2.o(.ARM.exidx) refers to rtexit2.o(.ARM.Collect$$rtexit$$00000001) for .ARM.Collect$$rtexit$$00000001
    rtexit2.o(.ARM.exidx) refers to rtexit2.o(.ARM.Collect$$rtexit$$00000003) for .ARM.Collect$$rtexit$$00000003
    rtexit2.o(.ARM.exidx) refers to rtexit2.o(.ARM.Collect$$rtexit$$00000004) for .ARM.Collect$$rtexit$$00000004
    __raise.o(.text) refers to defsig.o(CL$$defsig) for __default_signal_handler
    defsig_general.o(.text) refers to sys_wrch.o(.text) for _ttywrch
    sys_wrch.o(.text) refers (Special) to use_no_semi.o(.text) for __I$use$semihosting
    sys_wrch.o(.text) refers (Special) to indicate_semi.o(.text) for __semihosting_library_function
    sys_wrch_hlt.o(.text) refers (Special) to use_no_semi.o(.text) for __I$use$semihosting
    sys_wrch_hlt.o(.text) refers (Special) to indicate_semi.o(.text) for __semihosting_library_function
    defsig.o(CL$$defsig) refers to defsig_fpe_inner.o(.text) for __rt_SIGFPE_inner
    defsig.o(CL$$defsig) refers to defsig_rtmem_inner.o(.text) for __rt_SIGRTMEM_inner
    _get_argv_nomalloc.o(.text) refers (Special) to hrguard.o(.text) for __heap_region$guard
    _get_argv_nomalloc.o(.text) refers to defsig_rtmem_outer.o(.text) for __rt_SIGRTMEM
    _get_argv_nomalloc.o(.text) refers to sys_command.o(.text) for _sys_command_string
    libshutdown.o(.ARM.Collect$$libshutdown$$00000000) refers (Special) to libshutdown2.o(.ARM.Collect$$libshutdown$$00000002) for __rt_lib_shutdown_cpp_1
    libshutdown.o(.ARM.Collect$$libshutdown$$00000000) refers (Special) to libshutdown2.o(.ARM.Collect$$libshutdown$$00000007) for __rt_lib_shutdown_fp_trap_1
    libshutdown.o(.ARM.Collect$$libshutdown$$00000000) refers (Special) to libshutdown2.o(.ARM.Collect$$libshutdown$$0000000F) for __rt_lib_shutdown_heap_1
    libshutdown.o(.ARM.Collect$$libshutdown$$00000000) refers (Special) to libshutdown2.o(.ARM.Collect$$libshutdown$$00000010) for __rt_lib_shutdown_return
    libshutdown.o(.ARM.Collect$$libshutdown$$00000000) refers (Special) to libshutdown2.o(.ARM.Collect$$libshutdown$$0000000A) for __rt_lib_shutdown_signal_1
    libshutdown.o(.ARM.Collect$$libshutdown$$00000000) refers (Special) to libshutdown2.o(.ARM.Collect$$libshutdown$$00000004) for __rt_lib_shutdown_stdio_1
    libshutdown.o(.ARM.Collect$$libshutdown$$00000000) refers (Special) to libshutdown2.o(.ARM.Collect$$libshutdown$$0000000C) for __rt_lib_shutdown_user_alloc_1
    sys_command.o(.text) refers (Special) to use_no_semi.o(.text) for __I$use$semihosting
    sys_command.o(.text) refers (Special) to indicate_semi.o(.text) for __semihosting_library_function
    sys_command_hlt.o(.text) refers (Special) to use_no_semi.o(.text) for __I$use$semihosting
    sys_command_hlt.o(.text) refers (Special) to indicate_semi.o(.text) for __semihosting_library_function
    defsig_abrt_inner.o(.text) refers to defsig_general.o(.text) for __default_signal_display
    defsig_rtred_inner.o(.text) refers to defsig_general.o(.text) for __default_signal_display
    defsig_rtmem_inner.o(.text) refers to defsig_general.o(.text) for __default_signal_display
    defsig_rtmem_outer.o(.text) refers to defsig_rtmem_inner.o(.text) for __rt_SIGRTMEM_inner
    defsig_rtmem_outer.o(.text) refers to defsig_exit.o(.text) for __sig_exit
    defsig_rtmem_formal.o(.text) refers to rt_raise.o(.text) for __rt_raise
    defsig_stak_inner.o(.text) refers to defsig_general.o(.text) for __default_signal_display
    defsig_pvfn_inner.o(.text) refers to defsig_general.o(.text) for __default_signal_display
    defsig_cppl_inner.o(.text) refers to defsig_general.o(.text) for __default_signal_display
    defsig_segv_inner.o(.text) refers to defsig_general.o(.text) for __default_signal_display
    defsig_other.o(.text) refers to defsig_general.o(.text) for __default_signal_display


==============================================================================

Removing Unused input sections from the image.

    Removing main_1.o(.text), (0 bytes).
    Removing main_1.o(.ARM.exidx.text.main), (8 bytes).
    Removing main_1.o(.ARM.exidx.text.SystemClock_Config), (8 bytes).
    Removing main_1.o(.ARM.exidx.text.Error_Handler), (8 bytes).
    Removing main_1.o(.ARM.use_no_argv), (4 bytes).
    Removing stm32f0xx_it.o(.text), (0 bytes).
    Removing stm32f0xx_it.o(.ARM.exidx.text.NMI_Handler), (8 bytes).
    Removing stm32f0xx_it.o(.ARM.exidx.text.HardFault_Handler), (8 bytes).
    Removing stm32f0xx_it.o(.ARM.exidx.text.SVC_Handler), (8 bytes).
    Removing stm32f0xx_it.o(.ARM.exidx.text.PendSV_Handler), (8 bytes).
    Removing stm32f0xx_it.o(.ARM.exidx.text.SysTick_Handler), (8 bytes).
    Removing stm32f0xx_hal.o(.text), (0 bytes).
    Removing stm32f0xx_hal.o(.ARM.exidx.text.HAL_Init), (8 bytes).
    Removing stm32f0xx_hal.o(.ARM.exidx.text.HAL_InitTick), (8 bytes).
    Removing stm32f0xx_hal.o(.text.HAL_MspInit), (2 bytes).
    Removing stm32f0xx_hal.o(.ARM.exidx.text.HAL_MspInit), (8 bytes).
    Removing stm32f0xx_hal.o(.text.HAL_DeInit), (52 bytes).
    Removing stm32f0xx_hal.o(.ARM.exidx.text.HAL_DeInit), (8 bytes).
    Removing stm32f0xx_hal.o(.text.HAL_MspDeInit), (2 bytes).
    Removing stm32f0xx_hal.o(.ARM.exidx.text.HAL_MspDeInit), (8 bytes).
    Removing stm32f0xx_hal.o(.ARM.exidx.text.HAL_IncTick), (8 bytes).
    Removing stm32f0xx_hal.o(.ARM.exidx.text.HAL_GetTick), (8 bytes).
    Removing stm32f0xx_hal.o(.text.HAL_GetTickPrio), (12 bytes).
    Removing stm32f0xx_hal.o(.ARM.exidx.text.HAL_GetTickPrio), (8 bytes).
    Removing stm32f0xx_hal.o(.text.HAL_SetTickFreq), (88 bytes).
    Removing stm32f0xx_hal.o(.ARM.exidx.text.HAL_SetTickFreq), (8 bytes).
    Removing stm32f0xx_hal.o(.text.HAL_GetTickFreq), (12 bytes).
    Removing stm32f0xx_hal.o(.ARM.exidx.text.HAL_GetTickFreq), (8 bytes).
    Removing stm32f0xx_hal.o(.text.HAL_Delay), (68 bytes).
    Removing stm32f0xx_hal.o(.ARM.exidx.text.HAL_Delay), (8 bytes).
    Removing stm32f0xx_hal.o(.text.HAL_SuspendTick), (16 bytes).
    Removing stm32f0xx_hal.o(.ARM.exidx.text.HAL_SuspendTick), (8 bytes).
    Removing stm32f0xx_hal.o(.text.HAL_ResumeTick), (16 bytes).
    Removing stm32f0xx_hal.o(.ARM.exidx.text.HAL_ResumeTick), (8 bytes).
    Removing stm32f0xx_hal.o(.text.HAL_GetHalVersion), (8 bytes).
    Removing stm32f0xx_hal.o(.ARM.exidx.text.HAL_GetHalVersion), (8 bytes).
    Removing stm32f0xx_hal.o(.text.HAL_GetREVID), (12 bytes).
    Removing stm32f0xx_hal.o(.ARM.exidx.text.HAL_GetREVID), (8 bytes).
    Removing stm32f0xx_hal.o(.text.HAL_GetDEVID), (20 bytes).
    Removing stm32f0xx_hal.o(.ARM.exidx.text.HAL_GetDEVID), (8 bytes).
    Removing stm32f0xx_hal.o(.text.HAL_GetUIDw0), (12 bytes).
    Removing stm32f0xx_hal.o(.ARM.exidx.text.HAL_GetUIDw0), (8 bytes).
    Removing stm32f0xx_hal.o(.text.HAL_GetUIDw1), (12 bytes).
    Removing stm32f0xx_hal.o(.ARM.exidx.text.HAL_GetUIDw1), (8 bytes).
    Removing stm32f0xx_hal.o(.text.HAL_GetUIDw2), (12 bytes).
    Removing stm32f0xx_hal.o(.ARM.exidx.text.HAL_GetUIDw2), (8 bytes).
    Removing stm32f0xx_hal.o(.text.HAL_DBGMCU_EnableDBGStopMode), (16 bytes).
    Removing stm32f0xx_hal.o(.ARM.exidx.text.HAL_DBGMCU_EnableDBGStopMode), (8 bytes).
    Removing stm32f0xx_hal.o(.text.HAL_DBGMCU_DisableDBGStopMode), (16 bytes).
    Removing stm32f0xx_hal.o(.ARM.exidx.text.HAL_DBGMCU_DisableDBGStopMode), (8 bytes).
    Removing stm32f0xx_hal.o(.text.HAL_DBGMCU_EnableDBGStandbyMode), (16 bytes).
    Removing stm32f0xx_hal.o(.ARM.exidx.text.HAL_DBGMCU_EnableDBGStandbyMode), (8 bytes).
    Removing stm32f0xx_hal.o(.text.HAL_DBGMCU_DisableDBGStandbyMode), (16 bytes).
    Removing stm32f0xx_hal.o(.ARM.exidx.text.HAL_DBGMCU_DisableDBGStandbyMode), (8 bytes).
    Removing stm32f0xx_hal_adc.o(.text), (0 bytes).
    Removing stm32f0xx_hal_adc_ex.o(.text), (0 bytes).
    Removing stm32f0xx_hal_can.o(.text), (0 bytes).
    Removing stm32f0xx_hal_cec.o(.text), (0 bytes).
    Removing stm32f0xx_hal_comp.o(.text), (0 bytes).
    Removing stm32f0xx_hal_cortex.o(.text), (0 bytes).
    Removing stm32f0xx_hal_cortex.o(.ARM.exidx.text.HAL_NVIC_SetPriority), (8 bytes).
    Removing stm32f0xx_hal_cortex.o(.ARM.exidx.text.__NVIC_SetPriority), (8 bytes).
    Removing stm32f0xx_hal_cortex.o(.text.HAL_NVIC_EnableIRQ), (22 bytes).
    Removing stm32f0xx_hal_cortex.o(.ARM.exidx.text.HAL_NVIC_EnableIRQ), (8 bytes).
    Removing stm32f0xx_hal_cortex.o(.text.__NVIC_EnableIRQ), (44 bytes).
    Removing stm32f0xx_hal_cortex.o(.ARM.exidx.text.__NVIC_EnableIRQ), (8 bytes).
    Removing stm32f0xx_hal_cortex.o(.text.HAL_NVIC_DisableIRQ), (22 bytes).
    Removing stm32f0xx_hal_cortex.o(.ARM.exidx.text.HAL_NVIC_DisableIRQ), (8 bytes).
    Removing stm32f0xx_hal_cortex.o(.text.__NVIC_DisableIRQ), (52 bytes).
    Removing stm32f0xx_hal_cortex.o(.ARM.exidx.text.__NVIC_DisableIRQ), (8 bytes).
    Removing stm32f0xx_hal_cortex.o(.text.HAL_NVIC_SystemReset), (4 bytes).
    Removing stm32f0xx_hal_cortex.o(.ARM.exidx.text.HAL_NVIC_SystemReset), (8 bytes).
    Removing stm32f0xx_hal_cortex.o(.text.__NVIC_SystemReset), (28 bytes).
    Removing stm32f0xx_hal_cortex.o(.ARM.exidx.text.__NVIC_SystemReset), (8 bytes).
    Removing stm32f0xx_hal_cortex.o(.ARM.exidx.text.HAL_SYSTICK_Config), (8 bytes).
    Removing stm32f0xx_hal_cortex.o(.ARM.exidx.text.SysTick_Config), (8 bytes).
    Removing stm32f0xx_hal_cortex.o(.text.HAL_NVIC_GetPriority), (22 bytes).
    Removing stm32f0xx_hal_cortex.o(.ARM.exidx.text.HAL_NVIC_GetPriority), (8 bytes).
    Removing stm32f0xx_hal_cortex.o(.text.__NVIC_GetPriority), (96 bytes).
    Removing stm32f0xx_hal_cortex.o(.ARM.exidx.text.__NVIC_GetPriority), (8 bytes).
    Removing stm32f0xx_hal_cortex.o(.text.HAL_NVIC_SetPendingIRQ), (22 bytes).
    Removing stm32f0xx_hal_cortex.o(.ARM.exidx.text.HAL_NVIC_SetPendingIRQ), (8 bytes).
    Removing stm32f0xx_hal_cortex.o(.text.__NVIC_SetPendingIRQ), (44 bytes).
    Removing stm32f0xx_hal_cortex.o(.ARM.exidx.text.__NVIC_SetPendingIRQ), (8 bytes).
    Removing stm32f0xx_hal_cortex.o(.text.HAL_NVIC_GetPendingIRQ), (22 bytes).
    Removing stm32f0xx_hal_cortex.o(.ARM.exidx.text.HAL_NVIC_GetPendingIRQ), (8 bytes).
    Removing stm32f0xx_hal_cortex.o(.text.__NVIC_GetPendingIRQ), (56 bytes).
    Removing stm32f0xx_hal_cortex.o(.ARM.exidx.text.__NVIC_GetPendingIRQ), (8 bytes).
    Removing stm32f0xx_hal_cortex.o(.text.HAL_NVIC_ClearPendingIRQ), (22 bytes).
    Removing stm32f0xx_hal_cortex.o(.ARM.exidx.text.HAL_NVIC_ClearPendingIRQ), (8 bytes).
    Removing stm32f0xx_hal_cortex.o(.text.__NVIC_ClearPendingIRQ), (44 bytes).
    Removing stm32f0xx_hal_cortex.o(.ARM.exidx.text.__NVIC_ClearPendingIRQ), (8 bytes).
    Removing stm32f0xx_hal_cortex.o(.text.HAL_SYSTICK_CLKSourceConfig), (44 bytes).
    Removing stm32f0xx_hal_cortex.o(.ARM.exidx.text.HAL_SYSTICK_CLKSourceConfig), (8 bytes).
    Removing stm32f0xx_hal_cortex.o(.text.HAL_SYSTICK_IRQHandler), (8 bytes).
    Removing stm32f0xx_hal_cortex.o(.ARM.exidx.text.HAL_SYSTICK_IRQHandler), (8 bytes).
    Removing stm32f0xx_hal_cortex.o(.text.HAL_SYSTICK_Callback), (2 bytes).
    Removing stm32f0xx_hal_cortex.o(.ARM.exidx.text.HAL_SYSTICK_Callback), (8 bytes).
    Removing stm32f0xx_hal_crc.o(.text), (0 bytes).
    Removing stm32f0xx_hal_crc_ex.o(.text), (0 bytes).
    Removing stm32f0xx_hal_dac.o(.text), (0 bytes).
    Removing stm32f0xx_hal_dac_ex.o(.text), (0 bytes).
    Removing stm32f0xx_hal_dma.o(.text), (0 bytes).
    Removing stm32f0xx_hal_dma.o(.text.HAL_DMA_Init), (140 bytes).
    Removing stm32f0xx_hal_dma.o(.ARM.exidx.text.HAL_DMA_Init), (8 bytes).
    Removing stm32f0xx_hal_dma.o(.text.DMA_CalcBaseAndBitshift), (48 bytes).
    Removing stm32f0xx_hal_dma.o(.ARM.exidx.text.DMA_CalcBaseAndBitshift), (8 bytes).
    Removing stm32f0xx_hal_dma.o(.text.HAL_DMA_DeInit), (138 bytes).
    Removing stm32f0xx_hal_dma.o(.ARM.exidx.text.HAL_DMA_DeInit), (8 bytes).
    Removing stm32f0xx_hal_dma.o(.text.HAL_DMA_Start), (154 bytes).
    Removing stm32f0xx_hal_dma.o(.ARM.exidx.text.HAL_DMA_Start), (8 bytes).
    Removing stm32f0xx_hal_dma.o(.text.DMA_SetConfig), (80 bytes).
    Removing stm32f0xx_hal_dma.o(.ARM.exidx.text.DMA_SetConfig), (8 bytes).
    Removing stm32f0xx_hal_dma.o(.text.HAL_DMA_Start_IT), (202 bytes).
    Removing stm32f0xx_hal_dma.o(.ARM.exidx.text.HAL_DMA_Start_IT), (8 bytes).
    Removing stm32f0xx_hal_dma.o(.text.HAL_DMA_Abort), (114 bytes).
    Removing stm32f0xx_hal_dma.o(.ARM.exidx.text.HAL_DMA_Abort), (8 bytes).
    Removing stm32f0xx_hal_dma.o(.text.HAL_DMA_Abort_IT), (120 bytes).
    Removing stm32f0xx_hal_dma.o(.ARM.exidx.text.HAL_DMA_Abort_IT), (8 bytes).
    Removing stm32f0xx_hal_dma.o(.text.HAL_DMA_PollForTransfer), (342 bytes).
    Removing stm32f0xx_hal_dma.o(.ARM.exidx.text.HAL_DMA_PollForTransfer), (8 bytes).
    Removing stm32f0xx_hal_dma.o(.text.HAL_DMA_IRQHandler), (322 bytes).
    Removing stm32f0xx_hal_dma.o(.ARM.exidx.text.HAL_DMA_IRQHandler), (8 bytes).
    Removing stm32f0xx_hal_dma.o(.text.HAL_DMA_RegisterCallback), (178 bytes).
    Removing stm32f0xx_hal_dma.o(.ARM.exidx.text.HAL_DMA_RegisterCallback), (8 bytes).
    Removing stm32f0xx_hal_dma.o(.text.HAL_DMA_UnRegisterCallback), (198 bytes).
    Removing stm32f0xx_hal_dma.o(.ARM.exidx.text.HAL_DMA_UnRegisterCallback), (8 bytes).
    Removing stm32f0xx_hal_dma.o(.text.HAL_DMA_GetState), (14 bytes).
    Removing stm32f0xx_hal_dma.o(.ARM.exidx.text.HAL_DMA_GetState), (8 bytes).
    Removing stm32f0xx_hal_dma.o(.text.HAL_DMA_GetError), (12 bytes).
    Removing stm32f0xx_hal_dma.o(.ARM.exidx.text.HAL_DMA_GetError), (8 bytes).
    Removing stm32f0xx_hal_exti.o(.text), (0 bytes).
    Removing stm32f0xx_hal_exti.o(.text.HAL_EXTI_SetConfigLine), (324 bytes).
    Removing stm32f0xx_hal_exti.o(.ARM.exidx.text.HAL_EXTI_SetConfigLine), (8 bytes).
    Removing stm32f0xx_hal_exti.o(.text.HAL_EXTI_GetConfigLine), (260 bytes).
    Removing stm32f0xx_hal_exti.o(.ARM.exidx.text.HAL_EXTI_GetConfigLine), (8 bytes).
    Removing stm32f0xx_hal_exti.o(.text.HAL_EXTI_ClearConfigLine), (184 bytes).
    Removing stm32f0xx_hal_exti.o(.ARM.exidx.text.HAL_EXTI_ClearConfigLine), (8 bytes).
    Removing stm32f0xx_hal_exti.o(.text.HAL_EXTI_RegisterCallback), (48 bytes).
    Removing stm32f0xx_hal_exti.o(.ARM.exidx.text.HAL_EXTI_RegisterCallback), (8 bytes).
    Removing stm32f0xx_hal_exti.o(.text.HAL_EXTI_GetHandle), (44 bytes).
    Removing stm32f0xx_hal_exti.o(.ARM.exidx.text.HAL_EXTI_GetHandle), (8 bytes).
    Removing stm32f0xx_hal_exti.o(.text.HAL_EXTI_IRQHandler), (72 bytes).
    Removing stm32f0xx_hal_exti.o(.ARM.exidx.text.HAL_EXTI_IRQHandler), (8 bytes).
    Removing stm32f0xx_hal_exti.o(.text.HAL_EXTI_GetPending), (48 bytes).
    Removing stm32f0xx_hal_exti.o(.ARM.exidx.text.HAL_EXTI_GetPending), (8 bytes).
    Removing stm32f0xx_hal_exti.o(.text.HAL_EXTI_ClearPending), (36 bytes).
    Removing stm32f0xx_hal_exti.o(.ARM.exidx.text.HAL_EXTI_ClearPending), (8 bytes).
    Removing stm32f0xx_hal_exti.o(.text.HAL_EXTI_GenerateSWI), (32 bytes).
    Removing stm32f0xx_hal_exti.o(.ARM.exidx.text.HAL_EXTI_GenerateSWI), (8 bytes).
    Removing stm32f0xx_hal_flash.o(.text), (0 bytes).
    Removing stm32f0xx_hal_flash.o(.text.HAL_FLASH_Program), (260 bytes).
    Removing stm32f0xx_hal_flash.o(.ARM.exidx.text.HAL_FLASH_Program), (8 bytes).
    Removing stm32f0xx_hal_flash.o(.text.FLASH_WaitForLastOperation), (152 bytes).
    Removing stm32f0xx_hal_flash.o(.ARM.exidx.text.FLASH_WaitForLastOperation), (8 bytes).
    Removing stm32f0xx_hal_flash.o(.text.FLASH_Program_HalfWord), (44 bytes).
    Removing stm32f0xx_hal_flash.o(.ARM.exidx.text.FLASH_Program_HalfWord), (8 bytes).
    Removing stm32f0xx_hal_flash.o(.text.HAL_FLASH_Program_IT), (164 bytes).
    Removing stm32f0xx_hal_flash.o(.ARM.exidx.text.HAL_FLASH_Program_IT), (8 bytes).
    Removing stm32f0xx_hal_flash.o(.text.HAL_FLASH_IRQHandler), (432 bytes).
    Removing stm32f0xx_hal_flash.o(.ARM.exidx.text.HAL_FLASH_IRQHandler), (8 bytes).
    Removing stm32f0xx_hal_flash.o(.text.FLASH_SetErrorCode), (88 bytes).
    Removing stm32f0xx_hal_flash.o(.ARM.exidx.text.FLASH_SetErrorCode), (8 bytes).
    Removing stm32f0xx_hal_flash.o(.text.HAL_FLASH_OperationErrorCallback), (8 bytes).
    Removing stm32f0xx_hal_flash.o(.ARM.exidx.text.HAL_FLASH_OperationErrorCallback), (8 bytes).
    Removing stm32f0xx_hal_flash.o(.text.HAL_FLASH_EndOfOperationCallback), (8 bytes).
    Removing stm32f0xx_hal_flash.o(.ARM.exidx.text.HAL_FLASH_EndOfOperationCallback), (8 bytes).
    Removing stm32f0xx_hal_flash.o(.text.HAL_FLASH_Unlock), (76 bytes).
    Removing stm32f0xx_hal_flash.o(.ARM.exidx.text.HAL_FLASH_Unlock), (8 bytes).
    Removing stm32f0xx_hal_flash.o(.text.HAL_FLASH_Lock), (20 bytes).
    Removing stm32f0xx_hal_flash.o(.ARM.exidx.text.HAL_FLASH_Lock), (8 bytes).
    Removing stm32f0xx_hal_flash.o(.text.HAL_FLASH_OB_Unlock), (68 bytes).
    Removing stm32f0xx_hal_flash.o(.ARM.exidx.text.HAL_FLASH_OB_Unlock), (8 bytes).
    Removing stm32f0xx_hal_flash.o(.text.HAL_FLASH_OB_Lock), (20 bytes).
    Removing stm32f0xx_hal_flash.o(.ARM.exidx.text.HAL_FLASH_OB_Lock), (8 bytes).
    Removing stm32f0xx_hal_flash.o(.text.HAL_FLASH_OB_Launch), (32 bytes).
    Removing stm32f0xx_hal_flash.o(.ARM.exidx.text.HAL_FLASH_OB_Launch), (8 bytes).
    Removing stm32f0xx_hal_flash.o(.text.HAL_FLASH_GetError), (12 bytes).
    Removing stm32f0xx_hal_flash.o(.ARM.exidx.text.HAL_FLASH_GetError), (8 bytes).
    Removing stm32f0xx_hal_flash.o(.bss.pFlash), (32 bytes).
    Removing stm32f0xx_hal_flash_ex.o(.text), (0 bytes).
    Removing stm32f0xx_hal_flash_ex.o(.text.HAL_FLASHEx_Erase), (244 bytes).
    Removing stm32f0xx_hal_flash_ex.o(.ARM.exidx.text.HAL_FLASHEx_Erase), (8 bytes).
    Removing stm32f0xx_hal_flash_ex.o(.text.FLASH_MassErase), (36 bytes).
    Removing stm32f0xx_hal_flash_ex.o(.ARM.exidx.text.FLASH_MassErase), (8 bytes).
    Removing stm32f0xx_hal_flash_ex.o(.text.FLASH_PageErase), (52 bytes).
    Removing stm32f0xx_hal_flash_ex.o(.ARM.exidx.text.FLASH_PageErase), (8 bytes).
    Removing stm32f0xx_hal_flash_ex.o(.text.HAL_FLASHEx_Erase_IT), (148 bytes).
    Removing stm32f0xx_hal_flash_ex.o(.ARM.exidx.text.HAL_FLASHEx_Erase_IT), (8 bytes).
    Removing stm32f0xx_hal_flash_ex.o(.text.HAL_FLASHEx_OBErase), (144 bytes).
    Removing stm32f0xx_hal_flash_ex.o(.ARM.exidx.text.HAL_FLASHEx_OBErase), (8 bytes).
    Removing stm32f0xx_hal_flash_ex.o(.text.FLASH_OB_GetRDP), (60 bytes).
    Removing stm32f0xx_hal_flash_ex.o(.ARM.exidx.text.FLASH_OB_GetRDP), (8 bytes).
    Removing stm32f0xx_hal_flash_ex.o(.text.FLASH_OB_RDP_LevelConfig), (164 bytes).
    Removing stm32f0xx_hal_flash_ex.o(.ARM.exidx.text.FLASH_OB_RDP_LevelConfig), (8 bytes).
    Removing stm32f0xx_hal_flash_ex.o(.text.HAL_FLASHEx_OBProgram), (316 bytes).
    Removing stm32f0xx_hal_flash_ex.o(.ARM.exidx.text.HAL_FLASHEx_OBProgram), (8 bytes).
    Removing stm32f0xx_hal_flash_ex.o(.text.FLASH_OB_EnableWRP), (232 bytes).
    Removing stm32f0xx_hal_flash_ex.o(.ARM.exidx.text.FLASH_OB_EnableWRP), (8 bytes).
    Removing stm32f0xx_hal_flash_ex.o(.text.FLASH_OB_DisableWRP), (228 bytes).
    Removing stm32f0xx_hal_flash_ex.o(.ARM.exidx.text.FLASH_OB_DisableWRP), (8 bytes).
    Removing stm32f0xx_hal_flash_ex.o(.text.FLASH_OB_UserConfig), (116 bytes).
    Removing stm32f0xx_hal_flash_ex.o(.ARM.exidx.text.FLASH_OB_UserConfig), (8 bytes).
    Removing stm32f0xx_hal_flash_ex.o(.text.FLASH_OB_ProgramData), (108 bytes).
    Removing stm32f0xx_hal_flash_ex.o(.ARM.exidx.text.FLASH_OB_ProgramData), (8 bytes).
    Removing stm32f0xx_hal_flash_ex.o(.text.HAL_FLASHEx_OBGetConfig), (40 bytes).
    Removing stm32f0xx_hal_flash_ex.o(.ARM.exidx.text.HAL_FLASHEx_OBGetConfig), (8 bytes).
    Removing stm32f0xx_hal_flash_ex.o(.text.FLASH_OB_GetWRP), (12 bytes).
    Removing stm32f0xx_hal_flash_ex.o(.ARM.exidx.text.FLASH_OB_GetWRP), (8 bytes).
    Removing stm32f0xx_hal_flash_ex.o(.text.FLASH_OB_GetUser), (20 bytes).
    Removing stm32f0xx_hal_flash_ex.o(.ARM.exidx.text.FLASH_OB_GetUser), (8 bytes).
    Removing stm32f0xx_hal_flash_ex.o(.text.HAL_FLASHEx_OBGetUserData), (60 bytes).
    Removing stm32f0xx_hal_flash_ex.o(.ARM.exidx.text.HAL_FLASHEx_OBGetUserData), (8 bytes).
    Removing stm32f0xx_hal_gpio.o(.text), (0 bytes).
    Removing stm32f0xx_hal_gpio.o(.text.HAL_GPIO_Init), (744 bytes).
    Removing stm32f0xx_hal_gpio.o(.ARM.exidx.text.HAL_GPIO_Init), (8 bytes).
    Removing stm32f0xx_hal_gpio.o(.text.HAL_GPIO_DeInit), (384 bytes).
    Removing stm32f0xx_hal_gpio.o(.ARM.exidx.text.HAL_GPIO_DeInit), (8 bytes).
    Removing stm32f0xx_hal_gpio.o(.text.HAL_GPIO_ReadPin), (50 bytes).
    Removing stm32f0xx_hal_gpio.o(.ARM.exidx.text.HAL_GPIO_ReadPin), (8 bytes).
    Removing stm32f0xx_hal_gpio.o(.text.HAL_GPIO_WritePin), (44 bytes).
    Removing stm32f0xx_hal_gpio.o(.ARM.exidx.text.HAL_GPIO_WritePin), (8 bytes).
    Removing stm32f0xx_hal_gpio.o(.text.HAL_GPIO_TogglePin), (36 bytes).
    Removing stm32f0xx_hal_gpio.o(.ARM.exidx.text.HAL_GPIO_TogglePin), (8 bytes).
    Removing stm32f0xx_hal_gpio.o(.text.HAL_GPIO_LockPin), (82 bytes).
    Removing stm32f0xx_hal_gpio.o(.ARM.exidx.text.HAL_GPIO_LockPin), (8 bytes).
    Removing stm32f0xx_hal_gpio.o(.text.HAL_GPIO_EXTI_IRQHandler), (44 bytes).
    Removing stm32f0xx_hal_gpio.o(.ARM.exidx.text.HAL_GPIO_EXTI_IRQHandler), (8 bytes).
    Removing stm32f0xx_hal_gpio.o(.text.HAL_GPIO_EXTI_Callback), (10 bytes).
    Removing stm32f0xx_hal_gpio.o(.ARM.exidx.text.HAL_GPIO_EXTI_Callback), (8 bytes).
    Removing stm32f0xx_hal_i2c.o(.text), (0 bytes).
    Removing stm32f0xx_hal_i2c.o(.text.HAL_I2C_Init), (268 bytes).
    Removing stm32f0xx_hal_i2c.o(.ARM.exidx.text.HAL_I2C_Init), (8 bytes).
    Removing stm32f0xx_hal_i2c.o(.text.HAL_I2C_MspInit), (8 bytes).
    Removing stm32f0xx_hal_i2c.o(.ARM.exidx.text.HAL_I2C_MspInit), (8 bytes).
    Removing stm32f0xx_hal_i2c.o(.text.HAL_I2C_DeInit), (100 bytes).
    Removing stm32f0xx_hal_i2c.o(.ARM.exidx.text.HAL_I2C_DeInit), (8 bytes).
    Removing stm32f0xx_hal_i2c.o(.text.HAL_I2C_MspDeInit), (8 bytes).
    Removing stm32f0xx_hal_i2c.o(.ARM.exidx.text.HAL_I2C_MspDeInit), (8 bytes).
    Removing stm32f0xx_hal_i2c.o(.text.HAL_I2C_Master_Transmit), (512 bytes).
    Removing stm32f0xx_hal_i2c.o(.ARM.exidx.text.HAL_I2C_Master_Transmit), (8 bytes).
    Removing stm32f0xx_hal_i2c.o(.text.I2C_WaitOnFlagUntilTimeout), (142 bytes).
    Removing stm32f0xx_hal_i2c.o(.ARM.exidx.text.I2C_WaitOnFlagUntilTimeout), (8 bytes).
    Removing stm32f0xx_hal_i2c.o(.text.I2C_TransferConfig), (80 bytes).
    Removing stm32f0xx_hal_i2c.o(.ARM.exidx.text.I2C_TransferConfig), (8 bytes).
    Removing stm32f0xx_hal_i2c.o(.text.I2C_WaitOnTXISFlagUntilTimeout), (152 bytes).
    Removing stm32f0xx_hal_i2c.o(.ARM.exidx.text.I2C_WaitOnTXISFlagUntilTimeout), (8 bytes).
    Removing stm32f0xx_hal_i2c.o(.text.I2C_WaitOnSTOPFlagUntilTimeout), (140 bytes).
    Removing stm32f0xx_hal_i2c.o(.ARM.exidx.text.I2C_WaitOnSTOPFlagUntilTimeout), (8 bytes).
    Removing stm32f0xx_hal_i2c.o(.text.HAL_I2C_Master_Receive), (516 bytes).
    Removing stm32f0xx_hal_i2c.o(.ARM.exidx.text.HAL_I2C_Master_Receive), (8 bytes).
    Removing stm32f0xx_hal_i2c.o(.text.I2C_WaitOnRXNEFlagUntilTimeout), (248 bytes).
    Removing stm32f0xx_hal_i2c.o(.ARM.exidx.text.I2C_WaitOnRXNEFlagUntilTimeout), (8 bytes).
    Removing stm32f0xx_hal_i2c.o(.text.HAL_I2C_Slave_Transmit), (554 bytes).
    Removing stm32f0xx_hal_i2c.o(.ARM.exidx.text.HAL_I2C_Slave_Transmit), (8 bytes).
    Removing stm32f0xx_hal_i2c.o(.text.HAL_I2C_Slave_Receive), (520 bytes).
    Removing stm32f0xx_hal_i2c.o(.ARM.exidx.text.HAL_I2C_Slave_Receive), (8 bytes).
    Removing stm32f0xx_hal_i2c.o(.text.HAL_I2C_Master_Transmit_IT), (252 bytes).
    Removing stm32f0xx_hal_i2c.o(.ARM.exidx.text.HAL_I2C_Master_Transmit_IT), (8 bytes).
    Removing stm32f0xx_hal_i2c.o(.text.I2C_Master_ISR_IT), (668 bytes).
    Removing stm32f0xx_hal_i2c.o(.ARM.exidx.text.I2C_Master_ISR_IT), (8 bytes).
    Removing stm32f0xx_hal_i2c.o(.text.I2C_Enable_IRQ), (232 bytes).
    Removing stm32f0xx_hal_i2c.o(.ARM.exidx.text.I2C_Enable_IRQ), (8 bytes).
    Removing stm32f0xx_hal_i2c.o(.text.HAL_I2C_Master_Receive_IT), (252 bytes).
    Removing stm32f0xx_hal_i2c.o(.ARM.exidx.text.HAL_I2C_Master_Receive_IT), (8 bytes).
    Removing stm32f0xx_hal_i2c.o(.text.HAL_I2C_Slave_Transmit_IT), (184 bytes).
    Removing stm32f0xx_hal_i2c.o(.ARM.exidx.text.HAL_I2C_Slave_Transmit_IT), (8 bytes).
    Removing stm32f0xx_hal_i2c.o(.text.I2C_Slave_ISR_IT), (584 bytes).
    Removing stm32f0xx_hal_i2c.o(.ARM.exidx.text.I2C_Slave_ISR_IT), (8 bytes).
    Removing stm32f0xx_hal_i2c.o(.text.HAL_I2C_Slave_Receive_IT), (184 bytes).
    Removing stm32f0xx_hal_i2c.o(.ARM.exidx.text.HAL_I2C_Slave_Receive_IT), (8 bytes).
    Removing stm32f0xx_hal_i2c.o(.text.HAL_I2C_Master_Transmit_DMA), (516 bytes).
    Removing stm32f0xx_hal_i2c.o(.ARM.exidx.text.HAL_I2C_Master_Transmit_DMA), (8 bytes).
    Removing stm32f0xx_hal_i2c.o(.text.I2C_Master_ISR_DMA), (552 bytes).
    Removing stm32f0xx_hal_i2c.o(.ARM.exidx.text.I2C_Master_ISR_DMA), (8 bytes).
    Removing stm32f0xx_hal_i2c.o(.text.I2C_DMAMasterTransmitCplt), (134 bytes).
    Removing stm32f0xx_hal_i2c.o(.ARM.exidx.text.I2C_DMAMasterTransmitCplt), (8 bytes).
    Removing stm32f0xx_hal_i2c.o(.text.I2C_DMAError), (38 bytes).
    Removing stm32f0xx_hal_i2c.o(.ARM.exidx.text.I2C_DMAError), (8 bytes).
    Removing stm32f0xx_hal_i2c.o(.text.HAL_I2C_Master_Receive_DMA), (516 bytes).
    Removing stm32f0xx_hal_i2c.o(.ARM.exidx.text.HAL_I2C_Master_Receive_DMA), (8 bytes).
    Removing stm32f0xx_hal_i2c.o(.text.I2C_DMAMasterReceiveCplt), (134 bytes).
    Removing stm32f0xx_hal_i2c.o(.ARM.exidx.text.I2C_DMAMasterReceiveCplt), (8 bytes).
    Removing stm32f0xx_hal_i2c.o(.text.HAL_I2C_Slave_Transmit_DMA), (404 bytes).
    Removing stm32f0xx_hal_i2c.o(.ARM.exidx.text.HAL_I2C_Slave_Transmit_DMA), (8 bytes).
    Removing stm32f0xx_hal_i2c.o(.text.I2C_Slave_ISR_DMA), (564 bytes).
    Removing stm32f0xx_hal_i2c.o(.ARM.exidx.text.I2C_Slave_ISR_DMA), (8 bytes).
    Removing stm32f0xx_hal_i2c.o(.text.I2C_DMASlaveTransmitCplt), (66 bytes).
    Removing stm32f0xx_hal_i2c.o(.ARM.exidx.text.I2C_DMASlaveTransmitCplt), (8 bytes).
    Removing stm32f0xx_hal_i2c.o(.text.HAL_I2C_Slave_Receive_DMA), (400 bytes).
    Removing stm32f0xx_hal_i2c.o(.ARM.exidx.text.HAL_I2C_Slave_Receive_DMA), (8 bytes).
    Removing stm32f0xx_hal_i2c.o(.text.I2C_DMASlaveReceiveCplt), (76 bytes).
    Removing stm32f0xx_hal_i2c.o(.ARM.exidx.text.I2C_DMASlaveReceiveCplt), (8 bytes).
    Removing stm32f0xx_hal_i2c.o(.text.HAL_I2C_Mem_Write), (604 bytes).
    Removing stm32f0xx_hal_i2c.o(.ARM.exidx.text.HAL_I2C_Mem_Write), (8 bytes).
    Removing stm32f0xx_hal_i2c.o(.text.I2C_RequestMemoryWrite), (188 bytes).
    Removing stm32f0xx_hal_i2c.o(.ARM.exidx.text.I2C_RequestMemoryWrite), (8 bytes).
    Removing stm32f0xx_hal_i2c.o(.text.HAL_I2C_Mem_Read), (616 bytes).
    Removing stm32f0xx_hal_i2c.o(.ARM.exidx.text.HAL_I2C_Mem_Read), (8 bytes).
    Removing stm32f0xx_hal_i2c.o(.text.I2C_RequestMemoryRead), (188 bytes).
    Removing stm32f0xx_hal_i2c.o(.ARM.exidx.text.I2C_RequestMemoryRead), (8 bytes).
    Removing stm32f0xx_hal_i2c.o(.text.HAL_I2C_Mem_Write_IT), (348 bytes).
    Removing stm32f0xx_hal_i2c.o(.ARM.exidx.text.HAL_I2C_Mem_Write_IT), (8 bytes).
    Removing stm32f0xx_hal_i2c.o(.text.HAL_I2C_Mem_Read_IT), (352 bytes).
    Removing stm32f0xx_hal_i2c.o(.ARM.exidx.text.HAL_I2C_Mem_Read_IT), (8 bytes).
    Removing stm32f0xx_hal_i2c.o(.text.HAL_I2C_Mem_Write_DMA), (548 bytes).
    Removing stm32f0xx_hal_i2c.o(.ARM.exidx.text.HAL_I2C_Mem_Write_DMA), (8 bytes).
    Removing stm32f0xx_hal_i2c.o(.text.HAL_I2C_Mem_Read_DMA), (552 bytes).
    Removing stm32f0xx_hal_i2c.o(.ARM.exidx.text.HAL_I2C_Mem_Read_DMA), (8 bytes).
    Removing stm32f0xx_hal_i2c.o(.text.HAL_I2C_IsDeviceReady), (612 bytes).
    Removing stm32f0xx_hal_i2c.o(.ARM.exidx.text.HAL_I2C_IsDeviceReady), (8 bytes).
    Removing stm32f0xx_hal_i2c.o(.text.HAL_I2C_Master_Seq_Transmit_IT), (312 bytes).
    Removing stm32f0xx_hal_i2c.o(.ARM.exidx.text.HAL_I2C_Master_Seq_Transmit_IT), (8 bytes).
    Removing stm32f0xx_hal_i2c.o(.text.I2C_ConvertOtherXferOptions), (54 bytes).
    Removing stm32f0xx_hal_i2c.o(.ARM.exidx.text.I2C_ConvertOtherXferOptions), (8 bytes).
    Removing stm32f0xx_hal_i2c.o(.text.HAL_I2C_Master_Seq_Transmit_DMA), (576 bytes).
    Removing stm32f0xx_hal_i2c.o(.ARM.exidx.text.HAL_I2C_Master_Seq_Transmit_DMA), (8 bytes).
    Removing stm32f0xx_hal_i2c.o(.text.HAL_I2C_Master_Seq_Receive_IT), (312 bytes).
    Removing stm32f0xx_hal_i2c.o(.ARM.exidx.text.HAL_I2C_Master_Seq_Receive_IT), (8 bytes).
    Removing stm32f0xx_hal_i2c.o(.text.HAL_I2C_Master_Seq_Receive_DMA), (576 bytes).
    Removing stm32f0xx_hal_i2c.o(.ARM.exidx.text.HAL_I2C_Master_Seq_Receive_DMA), (8 bytes).
    Removing stm32f0xx_hal_i2c.o(.text.HAL_I2C_Slave_Seq_Transmit_IT), (352 bytes).
    Removing stm32f0xx_hal_i2c.o(.ARM.exidx.text.HAL_I2C_Slave_Seq_Transmit_IT), (8 bytes).
    Removing stm32f0xx_hal_i2c.o(.text.I2C_Disable_IRQ), (204 bytes).
    Removing stm32f0xx_hal_i2c.o(.ARM.exidx.text.I2C_Disable_IRQ), (8 bytes).
    Removing stm32f0xx_hal_i2c.o(.text.I2C_DMAAbort), (62 bytes).
    Removing stm32f0xx_hal_i2c.o(.ARM.exidx.text.I2C_DMAAbort), (8 bytes).
    Removing stm32f0xx_hal_i2c.o(.text.HAL_I2C_Slave_Seq_Transmit_DMA), (656 bytes).
    Removing stm32f0xx_hal_i2c.o(.ARM.exidx.text.HAL_I2C_Slave_Seq_Transmit_DMA), (8 bytes).
    Removing stm32f0xx_hal_i2c.o(.text.HAL_I2C_Slave_Seq_Receive_IT), (352 bytes).
    Removing stm32f0xx_hal_i2c.o(.ARM.exidx.text.HAL_I2C_Slave_Seq_Receive_IT), (8 bytes).
    Removing stm32f0xx_hal_i2c.o(.text.HAL_I2C_Slave_Seq_Receive_DMA), (652 bytes).
    Removing stm32f0xx_hal_i2c.o(.ARM.exidx.text.HAL_I2C_Slave_Seq_Receive_DMA), (8 bytes).
    Removing stm32f0xx_hal_i2c.o(.text.HAL_I2C_EnableListen_IT), (72 bytes).
    Removing stm32f0xx_hal_i2c.o(.ARM.exidx.text.HAL_I2C_EnableListen_IT), (8 bytes).
    Removing stm32f0xx_hal_i2c.o(.text.HAL_I2C_DisableListen_IT), (96 bytes).
    Removing stm32f0xx_hal_i2c.o(.ARM.exidx.text.HAL_I2C_DisableListen_IT), (8 bytes).
    Removing stm32f0xx_hal_i2c.o(.text.HAL_I2C_Master_Abort_IT), (192 bytes).
    Removing stm32f0xx_hal_i2c.o(.ARM.exidx.text.HAL_I2C_Master_Abort_IT), (8 bytes).
    Removing stm32f0xx_hal_i2c.o(.text.HAL_I2C_EV_IRQHandler), (48 bytes).
    Removing stm32f0xx_hal_i2c.o(.ARM.exidx.text.HAL_I2C_EV_IRQHandler), (8 bytes).
    Removing stm32f0xx_hal_i2c.o(.text.HAL_I2C_ER_IRQHandler), (198 bytes).
    Removing stm32f0xx_hal_i2c.o(.ARM.exidx.text.HAL_I2C_ER_IRQHandler), (8 bytes).
    Removing stm32f0xx_hal_i2c.o(.text.I2C_ITError), (424 bytes).
    Removing stm32f0xx_hal_i2c.o(.ARM.exidx.text.I2C_ITError), (8 bytes).
    Removing stm32f0xx_hal_i2c.o(.text.HAL_I2C_MasterTxCpltCallback), (8 bytes).
    Removing stm32f0xx_hal_i2c.o(.ARM.exidx.text.HAL_I2C_MasterTxCpltCallback), (8 bytes).
    Removing stm32f0xx_hal_i2c.o(.text.HAL_I2C_MasterRxCpltCallback), (8 bytes).
    Removing stm32f0xx_hal_i2c.o(.ARM.exidx.text.HAL_I2C_MasterRxCpltCallback), (8 bytes).
    Removing stm32f0xx_hal_i2c.o(.text.HAL_I2C_SlaveTxCpltCallback), (8 bytes).
    Removing stm32f0xx_hal_i2c.o(.ARM.exidx.text.HAL_I2C_SlaveTxCpltCallback), (8 bytes).
    Removing stm32f0xx_hal_i2c.o(.text.HAL_I2C_SlaveRxCpltCallback), (8 bytes).
    Removing stm32f0xx_hal_i2c.o(.ARM.exidx.text.HAL_I2C_SlaveRxCpltCallback), (8 bytes).
    Removing stm32f0xx_hal_i2c.o(.text.HAL_I2C_AddrCallback), (16 bytes).
    Removing stm32f0xx_hal_i2c.o(.ARM.exidx.text.HAL_I2C_AddrCallback), (8 bytes).
    Removing stm32f0xx_hal_i2c.o(.text.HAL_I2C_ListenCpltCallback), (8 bytes).
    Removing stm32f0xx_hal_i2c.o(.ARM.exidx.text.HAL_I2C_ListenCpltCallback), (8 bytes).
    Removing stm32f0xx_hal_i2c.o(.text.HAL_I2C_MemTxCpltCallback), (8 bytes).
    Removing stm32f0xx_hal_i2c.o(.ARM.exidx.text.HAL_I2C_MemTxCpltCallback), (8 bytes).
    Removing stm32f0xx_hal_i2c.o(.text.HAL_I2C_MemRxCpltCallback), (8 bytes).
    Removing stm32f0xx_hal_i2c.o(.ARM.exidx.text.HAL_I2C_MemRxCpltCallback), (8 bytes).
    Removing stm32f0xx_hal_i2c.o(.text.HAL_I2C_ErrorCallback), (8 bytes).
    Removing stm32f0xx_hal_i2c.o(.ARM.exidx.text.HAL_I2C_ErrorCallback), (8 bytes).
    Removing stm32f0xx_hal_i2c.o(.text.HAL_I2C_AbortCpltCallback), (8 bytes).
    Removing stm32f0xx_hal_i2c.o(.ARM.exidx.text.HAL_I2C_AbortCpltCallback), (8 bytes).
    Removing stm32f0xx_hal_i2c.o(.text.HAL_I2C_GetState), (14 bytes).
    Removing stm32f0xx_hal_i2c.o(.ARM.exidx.text.HAL_I2C_GetState), (8 bytes).
    Removing stm32f0xx_hal_i2c.o(.text.HAL_I2C_GetMode), (14 bytes).
    Removing stm32f0xx_hal_i2c.o(.ARM.exidx.text.HAL_I2C_GetMode), (8 bytes).
    Removing stm32f0xx_hal_i2c.o(.text.HAL_I2C_GetError), (12 bytes).
    Removing stm32f0xx_hal_i2c.o(.ARM.exidx.text.HAL_I2C_GetError), (8 bytes).
    Removing stm32f0xx_hal_i2c.o(.text.I2C_Flush_TXDR), (64 bytes).
    Removing stm32f0xx_hal_i2c.o(.ARM.exidx.text.I2C_Flush_TXDR), (8 bytes).
    Removing stm32f0xx_hal_i2c.o(.text.I2C_ITMasterSeqCplt), (126 bytes).
    Removing stm32f0xx_hal_i2c.o(.ARM.exidx.text.I2C_ITMasterSeqCplt), (8 bytes).
    Removing stm32f0xx_hal_i2c.o(.text.I2C_ITMasterCplt), (436 bytes).
    Removing stm32f0xx_hal_i2c.o(.ARM.exidx.text.I2C_ITMasterCplt), (8 bytes).
    Removing stm32f0xx_hal_i2c.o(.text.I2C_ITSlaveCplt), (568 bytes).
    Removing stm32f0xx_hal_i2c.o(.ARM.exidx.text.I2C_ITSlaveCplt), (8 bytes).
    Removing stm32f0xx_hal_i2c.o(.text.I2C_ITListenCplt), (160 bytes).
    Removing stm32f0xx_hal_i2c.o(.ARM.exidx.text.I2C_ITListenCplt), (8 bytes).
    Removing stm32f0xx_hal_i2c.o(.text.I2C_ITSlaveSeqCplt), (202 bytes).
    Removing stm32f0xx_hal_i2c.o(.ARM.exidx.text.I2C_ITSlaveSeqCplt), (8 bytes).
    Removing stm32f0xx_hal_i2c.o(.text.I2C_ITAddrCplt), (304 bytes).
    Removing stm32f0xx_hal_i2c.o(.ARM.exidx.text.I2C_ITAddrCplt), (8 bytes).
    Removing stm32f0xx_hal_i2c.o(.text.I2C_TreatErrorCallback), (82 bytes).
    Removing stm32f0xx_hal_i2c.o(.ARM.exidx.text.I2C_TreatErrorCallback), (8 bytes).
    Removing stm32f0xx_hal_i2c.o(.text.I2C_IsAcknowledgeFailed), (268 bytes).
    Removing stm32f0xx_hal_i2c.o(.ARM.exidx.text.I2C_IsAcknowledgeFailed), (8 bytes).
    Removing stm32f0xx_hal_i2c_ex.o(.text), (0 bytes).
    Removing stm32f0xx_hal_i2c_ex.o(.text.HAL_I2CEx_ConfigAnalogFilter), (150 bytes).
    Removing stm32f0xx_hal_i2c_ex.o(.ARM.exidx.text.HAL_I2CEx_ConfigAnalogFilter), (8 bytes).
    Removing stm32f0xx_hal_i2c_ex.o(.text.HAL_I2CEx_ConfigDigitalFilter), (160 bytes).
    Removing stm32f0xx_hal_i2c_ex.o(.ARM.exidx.text.HAL_I2CEx_ConfigDigitalFilter), (8 bytes).
    Removing stm32f0xx_hal_i2c_ex.o(.text.HAL_I2CEx_EnableWakeUp), (136 bytes).
    Removing stm32f0xx_hal_i2c_ex.o(.ARM.exidx.text.HAL_I2CEx_EnableWakeUp), (8 bytes).
    Removing stm32f0xx_hal_i2c_ex.o(.text.HAL_I2CEx_DisableWakeUp), (136 bytes).
    Removing stm32f0xx_hal_i2c_ex.o(.ARM.exidx.text.HAL_I2CEx_DisableWakeUp), (8 bytes).
    Removing stm32f0xx_hal_i2c_ex.o(.text.HAL_I2CEx_EnableFastModePlus), (48 bytes).
    Removing stm32f0xx_hal_i2c_ex.o(.ARM.exidx.text.HAL_I2CEx_EnableFastModePlus), (8 bytes).
    Removing stm32f0xx_hal_i2c_ex.o(.text.HAL_I2CEx_DisableFastModePlus), (48 bytes).
    Removing stm32f0xx_hal_i2c_ex.o(.ARM.exidx.text.HAL_I2CEx_DisableFastModePlus), (8 bytes).
    Removing stm32f0xx_hal_i2s.o(.text), (0 bytes).
    Removing stm32f0xx_hal_irda.o(.text), (0 bytes).
    Removing stm32f0xx_hal_iwdg.o(.text), (0 bytes).
    Removing stm32f0xx_hal_pcd.o(.text), (0 bytes).
    Removing stm32f0xx_hal_pcd_ex.o(.text), (0 bytes).
    Removing stm32f0xx_hal_pwr.o(.text), (0 bytes).
    Removing stm32f0xx_hal_pwr.o(.text.HAL_PWR_DeInit), (24 bytes).
    Removing stm32f0xx_hal_pwr.o(.ARM.exidx.text.HAL_PWR_DeInit), (8 bytes).
    Removing stm32f0xx_hal_pwr.o(.text.HAL_PWR_EnableBkUpAccess), (20 bytes).
    Removing stm32f0xx_hal_pwr.o(.ARM.exidx.text.HAL_PWR_EnableBkUpAccess), (8 bytes).
    Removing stm32f0xx_hal_pwr.o(.text.HAL_PWR_DisableBkUpAccess), (20 bytes).
    Removing stm32f0xx_hal_pwr.o(.ARM.exidx.text.HAL_PWR_DisableBkUpAccess), (8 bytes).
    Removing stm32f0xx_hal_pwr.o(.text.HAL_PWR_EnableWakeUpPin), (24 bytes).
    Removing stm32f0xx_hal_pwr.o(.ARM.exidx.text.HAL_PWR_EnableWakeUpPin), (8 bytes).
    Removing stm32f0xx_hal_pwr.o(.text.HAL_PWR_DisableWakeUpPin), (24 bytes).
    Removing stm32f0xx_hal_pwr.o(.ARM.exidx.text.HAL_PWR_DisableWakeUpPin), (8 bytes).
    Removing stm32f0xx_hal_pwr.o(.text.HAL_PWR_EnterSLEEPMode), (48 bytes).
    Removing stm32f0xx_hal_pwr.o(.ARM.exidx.text.HAL_PWR_EnterSLEEPMode), (8 bytes).
    Removing stm32f0xx_hal_pwr.o(.text.HAL_PWR_EnterSTOPMode), (92 bytes).
    Removing stm32f0xx_hal_pwr.o(.ARM.exidx.text.HAL_PWR_EnterSTOPMode), (8 bytes).
    Removing stm32f0xx_hal_pwr.o(.text.HAL_PWR_EnterSTANDBYMode), (32 bytes).
    Removing stm32f0xx_hal_pwr.o(.ARM.exidx.text.HAL_PWR_EnterSTANDBYMode), (8 bytes).
    Removing stm32f0xx_hal_pwr.o(.text.HAL_PWR_EnableSleepOnExit), (16 bytes).
    Removing stm32f0xx_hal_pwr.o(.ARM.exidx.text.HAL_PWR_EnableSleepOnExit), (8 bytes).
    Removing stm32f0xx_hal_pwr.o(.text.HAL_PWR_DisableSleepOnExit), (16 bytes).
    Removing stm32f0xx_hal_pwr.o(.ARM.exidx.text.HAL_PWR_DisableSleepOnExit), (8 bytes).
    Removing stm32f0xx_hal_pwr.o(.text.HAL_PWR_EnableSEVOnPend), (16 bytes).
    Removing stm32f0xx_hal_pwr.o(.ARM.exidx.text.HAL_PWR_EnableSEVOnPend), (8 bytes).
    Removing stm32f0xx_hal_pwr.o(.text.HAL_PWR_DisableSEVOnPend), (16 bytes).
    Removing stm32f0xx_hal_pwr.o(.ARM.exidx.text.HAL_PWR_DisableSEVOnPend), (8 bytes).
    Removing stm32f0xx_hal_pwr_ex.o(.text), (0 bytes).
    Removing stm32f0xx_hal_pwr_ex.o(.text.HAL_PWR_ConfigPVD), (188 bytes).
    Removing stm32f0xx_hal_pwr_ex.o(.ARM.exidx.text.HAL_PWR_ConfigPVD), (8 bytes).
    Removing stm32f0xx_hal_pwr_ex.o(.text.HAL_PWR_EnablePVD), (16 bytes).
    Removing stm32f0xx_hal_pwr_ex.o(.ARM.exidx.text.HAL_PWR_EnablePVD), (8 bytes).
    Removing stm32f0xx_hal_pwr_ex.o(.text.HAL_PWR_DisablePVD), (16 bytes).
    Removing stm32f0xx_hal_pwr_ex.o(.ARM.exidx.text.HAL_PWR_DisablePVD), (8 bytes).
    Removing stm32f0xx_hal_pwr_ex.o(.text.HAL_PWR_PVD_IRQHandler), (36 bytes).
    Removing stm32f0xx_hal_pwr_ex.o(.ARM.exidx.text.HAL_PWR_PVD_IRQHandler), (8 bytes).
    Removing stm32f0xx_hal_pwr_ex.o(.text.HAL_PWR_PVDCallback), (2 bytes).
    Removing stm32f0xx_hal_pwr_ex.o(.ARM.exidx.text.HAL_PWR_PVDCallback), (8 bytes).
    Removing stm32f0xx_hal_rcc.o(.text), (0 bytes).
    Removing stm32f0xx_hal_rcc.o(.text.HAL_RCC_DeInit), (296 bytes).
    Removing stm32f0xx_hal_rcc.o(.ARM.exidx.text.HAL_RCC_DeInit), (8 bytes).
    Removing stm32f0xx_hal_rcc.o(.ARM.exidx.text.HAL_RCC_OscConfig), (8 bytes).
    Removing stm32f0xx_hal_rcc.o(.ARM.exidx.text.HAL_RCC_ClockConfig), (8 bytes).
    Removing stm32f0xx_hal_rcc.o(.ARM.exidx.text.HAL_RCC_GetSysClockFreq), (8 bytes).
    Removing stm32f0xx_hal_rcc.o(.text.HAL_RCC_MCOConfig), (92 bytes).
    Removing stm32f0xx_hal_rcc.o(.ARM.exidx.text.HAL_RCC_MCOConfig), (8 bytes).
    Removing stm32f0xx_hal_rcc.o(.text.HAL_RCC_EnableCSS), (20 bytes).
    Removing stm32f0xx_hal_rcc.o(.ARM.exidx.text.HAL_RCC_EnableCSS), (8 bytes).
    Removing stm32f0xx_hal_rcc.o(.text.HAL_RCC_DisableCSS), (20 bytes).
    Removing stm32f0xx_hal_rcc.o(.ARM.exidx.text.HAL_RCC_DisableCSS), (8 bytes).
    Removing stm32f0xx_hal_rcc.o(.text.HAL_RCC_GetHCLKFreq), (12 bytes).
    Removing stm32f0xx_hal_rcc.o(.ARM.exidx.text.HAL_RCC_GetHCLKFreq), (8 bytes).
    Removing stm32f0xx_hal_rcc.o(.text.HAL_RCC_GetPCLK1Freq), (36 bytes).
    Removing stm32f0xx_hal_rcc.o(.ARM.exidx.text.HAL_RCC_GetPCLK1Freq), (8 bytes).
    Removing stm32f0xx_hal_rcc.o(.text.HAL_RCC_GetOscConfig), (312 bytes).
    Removing stm32f0xx_hal_rcc.o(.ARM.exidx.text.HAL_RCC_GetOscConfig), (8 bytes).
    Removing stm32f0xx_hal_rcc.o(.text.HAL_RCC_GetClockConfig), (68 bytes).
    Removing stm32f0xx_hal_rcc.o(.ARM.exidx.text.HAL_RCC_GetClockConfig), (8 bytes).
    Removing stm32f0xx_hal_rcc.o(.text.HAL_RCC_NMI_IRQHandler), (36 bytes).
    Removing stm32f0xx_hal_rcc.o(.ARM.exidx.text.HAL_RCC_NMI_IRQHandler), (8 bytes).
    Removing stm32f0xx_hal_rcc.o(.text.HAL_RCC_CSSCallback), (2 bytes).
    Removing stm32f0xx_hal_rcc.o(.ARM.exidx.text.HAL_RCC_CSSCallback), (8 bytes).
    Removing stm32f0xx_hal_rcc.o(.rodata.cst16), (32 bytes).
    Removing stm32f0xx_hal_rcc_ex.o(.text), (0 bytes).
    Removing stm32f0xx_hal_rcc_ex.o(.text.HAL_RCCEx_PeriphCLKConfig), (448 bytes).
    Removing stm32f0xx_hal_rcc_ex.o(.ARM.exidx.text.HAL_RCCEx_PeriphCLKConfig), (8 bytes).
    Removing stm32f0xx_hal_rcc_ex.o(.text.HAL_RCCEx_GetPeriphCLKConfig), (84 bytes).
    Removing stm32f0xx_hal_rcc_ex.o(.ARM.exidx.text.HAL_RCCEx_GetPeriphCLKConfig), (8 bytes).
    Removing stm32f0xx_hal_rcc_ex.o(.text.HAL_RCCEx_GetPeriphCLKFreq), (428 bytes).
    Removing stm32f0xx_hal_rcc_ex.o(.ARM.exidx.text.HAL_RCCEx_GetPeriphCLKFreq), (8 bytes).
    Removing stm32f0xx_hal_rtc.o(.text), (0 bytes).
    Removing stm32f0xx_hal_rtc_ex.o(.text), (0 bytes).
    Removing stm32f0xx_hal_smartcard.o(.text), (0 bytes).
    Removing stm32f0xx_hal_smartcard_ex.o(.text), (0 bytes).
    Removing stm32f0xx_hal_smbus.o(.text), (0 bytes).
    Removing stm32f0xx_hal_spi.o(.text), (0 bytes).
    Removing stm32f0xx_hal_spi_ex.o(.text), (0 bytes).
    Removing stm32f0xx_hal_tim.o(.text), (0 bytes).
    Removing stm32f0xx_hal_tim_ex.o(.text), (0 bytes).
    Removing stm32f0xx_hal_tsc.o(.text), (0 bytes).
    Removing stm32f0xx_hal_uart.o(.text), (0 bytes).
    Removing stm32f0xx_hal_uart_ex.o(.text), (0 bytes).
    Removing stm32f0xx_hal_usart.o(.text), (0 bytes).
    Removing stm32f0xx_hal_usart_ex.o(.text), (0 bytes).
    Removing stm32f0xx_hal_wwdg.o(.text), (0 bytes).
    Removing stm32f0xx_ll_adc.o(.text), (0 bytes).
    Removing stm32f0xx_ll_adc.o(.text.LL_ADC_CommonDeInit), (28 bytes).
    Removing stm32f0xx_ll_adc.o(.ARM.exidx.text.LL_ADC_CommonDeInit), (8 bytes).
    Removing stm32f0xx_ll_adc.o(.text.LL_APB1_GRP2_ForceReset), (24 bytes).
    Removing stm32f0xx_ll_adc.o(.ARM.exidx.text.LL_APB1_GRP2_ForceReset), (8 bytes).
    Removing stm32f0xx_ll_adc.o(.text.LL_APB1_GRP2_ReleaseReset), (24 bytes).
    Removing stm32f0xx_ll_adc.o(.ARM.exidx.text.LL_APB1_GRP2_ReleaseReset), (8 bytes).
    Removing stm32f0xx_ll_adc.o(.text.LL_ADC_DeInit), (284 bytes).
    Removing stm32f0xx_ll_adc.o(.ARM.exidx.text.LL_ADC_DeInit), (8 bytes).
    Removing stm32f0xx_ll_adc.o(.text.LL_ADC_IsEnabled), (16 bytes).
    Removing stm32f0xx_ll_adc.o(.ARM.exidx.text.LL_ADC_IsEnabled), (8 bytes).
    Removing stm32f0xx_ll_adc.o(.text.LL_ADC_REG_SetTriggerSource), (28 bytes).
    Removing stm32f0xx_ll_adc.o(.ARM.exidx.text.LL_ADC_REG_SetTriggerSource), (8 bytes).
    Removing stm32f0xx_ll_adc.o(.text.LL_ADC_REG_IsConversionOngoing), (18 bytes).
    Removing stm32f0xx_ll_adc.o(.ARM.exidx.text.LL_ADC_REG_IsConversionOngoing), (8 bytes).
    Removing stm32f0xx_ll_adc.o(.text.LL_ADC_REG_IsStopConversionOngoing), (18 bytes).
    Removing stm32f0xx_ll_adc.o(.ARM.exidx.text.LL_ADC_REG_IsStopConversionOngoing), (8 bytes).
    Removing stm32f0xx_ll_adc.o(.text.LL_ADC_REG_StopConversion), (28 bytes).
    Removing stm32f0xx_ll_adc.o(.ARM.exidx.text.LL_ADC_REG_StopConversion), (8 bytes).
    Removing stm32f0xx_ll_adc.o(.text.LL_ADC_Disable), (28 bytes).
    Removing stm32f0xx_ll_adc.o(.ARM.exidx.text.LL_ADC_Disable), (8 bytes).
    Removing stm32f0xx_ll_adc.o(.text.LL_ADC_IsDisableOngoing), (18 bytes).
    Removing stm32f0xx_ll_adc.o(.ARM.exidx.text.LL_ADC_IsDisableOngoing), (8 bytes).
    Removing stm32f0xx_ll_adc.o(.text.LL_ADC_Init), (96 bytes).
    Removing stm32f0xx_ll_adc.o(.ARM.exidx.text.LL_ADC_Init), (8 bytes).
    Removing stm32f0xx_ll_adc.o(.text.LL_ADC_StructInit), (30 bytes).
    Removing stm32f0xx_ll_adc.o(.ARM.exidx.text.LL_ADC_StructInit), (8 bytes).
    Removing stm32f0xx_ll_adc.o(.text.LL_ADC_REG_Init), (84 bytes).
    Removing stm32f0xx_ll_adc.o(.ARM.exidx.text.LL_ADC_REG_Init), (8 bytes).
    Removing stm32f0xx_ll_adc.o(.text.LL_ADC_REG_StructInit), (34 bytes).
    Removing stm32f0xx_ll_adc.o(.ARM.exidx.text.LL_ADC_REG_StructInit), (8 bytes).
    Removing stm32f0xx_ll_comp.o(.text), (0 bytes).
    Removing stm32f0xx_ll_comp.o(.text.LL_COMP_DeInit), (112 bytes).
    Removing stm32f0xx_ll_comp.o(.ARM.exidx.text.LL_COMP_DeInit), (8 bytes).
    Removing stm32f0xx_ll_comp.o(.text.LL_COMP_IsLocked), (44 bytes).
    Removing stm32f0xx_ll_comp.o(.ARM.exidx.text.LL_COMP_IsLocked), (8 bytes).
    Removing stm32f0xx_ll_comp.o(.text.LL_COMP_Init), (172 bytes).
    Removing stm32f0xx_ll_comp.o(.ARM.exidx.text.LL_COMP_Init), (8 bytes).
    Removing stm32f0xx_ll_comp.o(.text.LL_COMP_StructInit), (38 bytes).
    Removing stm32f0xx_ll_comp.o(.ARM.exidx.text.LL_COMP_StructInit), (8 bytes).
    Removing stm32f0xx_ll_crc.o(.text), (0 bytes).
    Removing stm32f0xx_ll_crc.o(.text.LL_CRC_DeInit), (88 bytes).
    Removing stm32f0xx_ll_crc.o(.ARM.exidx.text.LL_CRC_DeInit), (8 bytes).
    Removing stm32f0xx_ll_crc.o(.text.LL_CRC_SetInitialData), (16 bytes).
    Removing stm32f0xx_ll_crc.o(.ARM.exidx.text.LL_CRC_SetInitialData), (8 bytes).
    Removing stm32f0xx_ll_crc.o(.text.LL_CRC_SetInputDataReverseMode), (26 bytes).
    Removing stm32f0xx_ll_crc.o(.ARM.exidx.text.LL_CRC_SetInputDataReverseMode), (8 bytes).
    Removing stm32f0xx_ll_crc.o(.text.LL_CRC_SetOutputDataReverseMode), (26 bytes).
    Removing stm32f0xx_ll_crc.o(.ARM.exidx.text.LL_CRC_SetOutputDataReverseMode), (8 bytes).
    Removing stm32f0xx_ll_crc.o(.text.LL_CRC_ResetCRCCalculationUnit), (18 bytes).
    Removing stm32f0xx_ll_crc.o(.ARM.exidx.text.LL_CRC_ResetCRCCalculationUnit), (8 bytes).
    Removing stm32f0xx_ll_crc.o(.text.LL_CRC_Write_IDR), (16 bytes).
    Removing stm32f0xx_ll_crc.o(.ARM.exidx.text.LL_CRC_Write_IDR), (8 bytes).
    Removing stm32f0xx_ll_crs.o(.text), (0 bytes).
    Removing stm32f0xx_ll_dac.o(.text), (0 bytes).
    Removing stm32f0xx_ll_dac.o(.text.LL_DAC_DeInit), (28 bytes).
    Removing stm32f0xx_ll_dac.o(.ARM.exidx.text.LL_DAC_DeInit), (8 bytes).
    Removing stm32f0xx_ll_dac.o(.text.LL_APB1_GRP1_ForceReset), (24 bytes).
    Removing stm32f0xx_ll_dac.o(.ARM.exidx.text.LL_APB1_GRP1_ForceReset), (8 bytes).
    Removing stm32f0xx_ll_dac.o(.text.LL_APB1_GRP1_ReleaseReset), (24 bytes).
    Removing stm32f0xx_ll_dac.o(.ARM.exidx.text.LL_APB1_GRP1_ReleaseReset), (8 bytes).
    Removing stm32f0xx_ll_dac.o(.text.LL_DAC_Init), (48 bytes).
    Removing stm32f0xx_ll_dac.o(.ARM.exidx.text.LL_DAC_Init), (8 bytes).
    Removing stm32f0xx_ll_dac.o(.text.LL_DAC_IsEnabled), (26 bytes).
    Removing stm32f0xx_ll_dac.o(.ARM.exidx.text.LL_DAC_IsEnabled), (8 bytes).
    Removing stm32f0xx_ll_dac.o(.text.LL_DAC_StructInit), (20 bytes).
    Removing stm32f0xx_ll_dac.o(.ARM.exidx.text.LL_DAC_StructInit), (8 bytes).
    Removing stm32f0xx_ll_dma.o(.text), (0 bytes).
    Removing stm32f0xx_ll_dma.o(.text.LL_DMA_DeInit), (316 bytes).
    Removing stm32f0xx_ll_dma.o(.ARM.exidx.text.LL_DMA_DeInit), (8 bytes).
    Removing stm32f0xx_ll_dma.o(.text.LL_DMA_ClearFlag_GI1), (14 bytes).
    Removing stm32f0xx_ll_dma.o(.ARM.exidx.text.LL_DMA_ClearFlag_GI1), (8 bytes).
    Removing stm32f0xx_ll_dma.o(.text.LL_DMA_ClearFlag_GI2), (14 bytes).
    Removing stm32f0xx_ll_dma.o(.ARM.exidx.text.LL_DMA_ClearFlag_GI2), (8 bytes).
    Removing stm32f0xx_ll_dma.o(.text.LL_DMA_ClearFlag_GI3), (16 bytes).
    Removing stm32f0xx_ll_dma.o(.ARM.exidx.text.LL_DMA_ClearFlag_GI3), (8 bytes).
    Removing stm32f0xx_ll_dma.o(.text.LL_DMA_ClearFlag_GI4), (16 bytes).
    Removing stm32f0xx_ll_dma.o(.ARM.exidx.text.LL_DMA_ClearFlag_GI4), (8 bytes).
    Removing stm32f0xx_ll_dma.o(.text.LL_DMA_ClearFlag_GI5), (16 bytes).
    Removing stm32f0xx_ll_dma.o(.ARM.exidx.text.LL_DMA_ClearFlag_GI5), (8 bytes).
    Removing stm32f0xx_ll_dma.o(.text.LL_DMA_Init), (88 bytes).
    Removing stm32f0xx_ll_dma.o(.ARM.exidx.text.LL_DMA_Init), (8 bytes).
    Removing stm32f0xx_ll_dma.o(.text.LL_DMA_ConfigTransfer), (56 bytes).
    Removing stm32f0xx_ll_dma.o(.ARM.exidx.text.LL_DMA_ConfigTransfer), (8 bytes).
    Removing stm32f0xx_ll_dma.o(.text.LL_DMA_SetMemoryAddress), (36 bytes).
    Removing stm32f0xx_ll_dma.o(.ARM.exidx.text.LL_DMA_SetMemoryAddress), (8 bytes).
    Removing stm32f0xx_ll_dma.o(.text.LL_DMA_SetPeriphAddress), (36 bytes).
    Removing stm32f0xx_ll_dma.o(.ARM.exidx.text.LL_DMA_SetPeriphAddress), (8 bytes).
    Removing stm32f0xx_ll_dma.o(.text.LL_DMA_SetDataLength), (60 bytes).
    Removing stm32f0xx_ll_dma.o(.ARM.exidx.text.LL_DMA_SetDataLength), (8 bytes).
    Removing stm32f0xx_ll_dma.o(.text.LL_DMA_StructInit), (50 bytes).
    Removing stm32f0xx_ll_dma.o(.ARM.exidx.text.LL_DMA_StructInit), (8 bytes).
    Removing stm32f0xx_ll_dma.o(.rodata.CHANNEL_OFFSET_TAB), (5 bytes).
    Removing stm32f0xx_ll_exti.o(.text), (0 bytes).
    Removing stm32f0xx_ll_exti.o(.text.LL_EXTI_DeInit), (64 bytes).
    Removing stm32f0xx_ll_exti.o(.ARM.exidx.text.LL_EXTI_DeInit), (8 bytes).
    Removing stm32f0xx_ll_exti.o(.text.LL_EXTI_Init), (254 bytes).
    Removing stm32f0xx_ll_exti.o(.ARM.exidx.text.LL_EXTI_Init), (8 bytes).
    Removing stm32f0xx_ll_exti.o(.text.LL_EXTI_DisableEvent_0_31), (24 bytes).
    Removing stm32f0xx_ll_exti.o(.ARM.exidx.text.LL_EXTI_DisableEvent_0_31), (8 bytes).
    Removing stm32f0xx_ll_exti.o(.text.LL_EXTI_EnableIT_0_31), (24 bytes).
    Removing stm32f0xx_ll_exti.o(.ARM.exidx.text.LL_EXTI_EnableIT_0_31), (8 bytes).
    Removing stm32f0xx_ll_exti.o(.text.LL_EXTI_DisableIT_0_31), (24 bytes).
    Removing stm32f0xx_ll_exti.o(.ARM.exidx.text.LL_EXTI_DisableIT_0_31), (8 bytes).
    Removing stm32f0xx_ll_exti.o(.text.LL_EXTI_EnableEvent_0_31), (24 bytes).
    Removing stm32f0xx_ll_exti.o(.ARM.exidx.text.LL_EXTI_EnableEvent_0_31), (8 bytes).
    Removing stm32f0xx_ll_exti.o(.text.LL_EXTI_DisableFallingTrig_0_31), (24 bytes).
    Removing stm32f0xx_ll_exti.o(.ARM.exidx.text.LL_EXTI_DisableFallingTrig_0_31), (8 bytes).
    Removing stm32f0xx_ll_exti.o(.text.LL_EXTI_EnableRisingTrig_0_31), (24 bytes).
    Removing stm32f0xx_ll_exti.o(.ARM.exidx.text.LL_EXTI_EnableRisingTrig_0_31), (8 bytes).
    Removing stm32f0xx_ll_exti.o(.text.LL_EXTI_DisableRisingTrig_0_31), (24 bytes).
    Removing stm32f0xx_ll_exti.o(.ARM.exidx.text.LL_EXTI_DisableRisingTrig_0_31), (8 bytes).
    Removing stm32f0xx_ll_exti.o(.text.LL_EXTI_EnableFallingTrig_0_31), (24 bytes).
    Removing stm32f0xx_ll_exti.o(.ARM.exidx.text.LL_EXTI_EnableFallingTrig_0_31), (8 bytes).
    Removing stm32f0xx_ll_exti.o(.text.LL_EXTI_StructInit), (28 bytes).
    Removing stm32f0xx_ll_exti.o(.ARM.exidx.text.LL_EXTI_StructInit), (8 bytes).
    Removing stm32f0xx_ll_gpio.o(.text), (0 bytes).
    Removing stm32f0xx_ll_gpio.o(.text.LL_GPIO_DeInit), (196 bytes).
    Removing stm32f0xx_ll_gpio.o(.ARM.exidx.text.LL_GPIO_DeInit), (8 bytes).
    Removing stm32f0xx_ll_gpio.o(.text.LL_AHB1_GRP1_ForceReset), (24 bytes).
    Removing stm32f0xx_ll_gpio.o(.ARM.exidx.text.LL_AHB1_GRP1_ForceReset), (8 bytes).
    Removing stm32f0xx_ll_gpio.o(.text.LL_AHB1_GRP1_ReleaseReset), (24 bytes).
    Removing stm32f0xx_ll_gpio.o(.ARM.exidx.text.LL_AHB1_GRP1_ReleaseReset), (8 bytes).
    Removing stm32f0xx_ll_gpio.o(.text.LL_GPIO_Init), (184 bytes).
    Removing stm32f0xx_ll_gpio.o(.ARM.exidx.text.LL_GPIO_Init), (8 bytes).
    Removing stm32f0xx_ll_gpio.o(.text.LL_GPIO_SetPinSpeed), (36 bytes).
    Removing stm32f0xx_ll_gpio.o(.ARM.exidx.text.LL_GPIO_SetPinSpeed), (8 bytes).
    Removing stm32f0xx_ll_gpio.o(.text.LL_GPIO_SetPinOutputType), (30 bytes).
    Removing stm32f0xx_ll_gpio.o(.ARM.exidx.text.LL_GPIO_SetPinOutputType), (8 bytes).
    Removing stm32f0xx_ll_gpio.o(.text.LL_GPIO_SetPinPull), (36 bytes).
    Removing stm32f0xx_ll_gpio.o(.ARM.exidx.text.LL_GPIO_SetPinPull), (8 bytes).
    Removing stm32f0xx_ll_gpio.o(.text.LL_GPIO_SetAFPin_0_7), (38 bytes).
    Removing stm32f0xx_ll_gpio.o(.ARM.exidx.text.LL_GPIO_SetAFPin_0_7), (8 bytes).
    Removing stm32f0xx_ll_gpio.o(.text.LL_GPIO_SetAFPin_8_15), (40 bytes).
    Removing stm32f0xx_ll_gpio.o(.ARM.exidx.text.LL_GPIO_SetAFPin_8_15), (8 bytes).
    Removing stm32f0xx_ll_gpio.o(.text.LL_GPIO_SetPinMode), (36 bytes).
    Removing stm32f0xx_ll_gpio.o(.ARM.exidx.text.LL_GPIO_SetPinMode), (8 bytes).
    Removing stm32f0xx_ll_gpio.o(.text.LL_GPIO_StructInit), (44 bytes).
    Removing stm32f0xx_ll_gpio.o(.ARM.exidx.text.LL_GPIO_StructInit), (8 bytes).
    Removing stm32f0xx_ll_i2c.o(.text), (0 bytes).
    Removing stm32f0xx_ll_i2c.o(.text.LL_I2C_DeInit), (96 bytes).
    Removing stm32f0xx_ll_i2c.o(.ARM.exidx.text.LL_I2C_DeInit), (8 bytes).
    Removing stm32f0xx_ll_i2c.o(.text.LL_APB1_GRP1_ForceReset), (24 bytes).
    Removing stm32f0xx_ll_i2c.o(.ARM.exidx.text.LL_APB1_GRP1_ForceReset), (8 bytes).
    Removing stm32f0xx_ll_i2c.o(.text.LL_APB1_GRP1_ReleaseReset), (24 bytes).
    Removing stm32f0xx_ll_i2c.o(.ARM.exidx.text.LL_APB1_GRP1_ReleaseReset), (8 bytes).
    Removing stm32f0xx_ll_i2c.o(.text.LL_I2C_Init), (104 bytes).
    Removing stm32f0xx_ll_i2c.o(.ARM.exidx.text.LL_I2C_Init), (8 bytes).
    Removing stm32f0xx_ll_i2c.o(.text.LL_I2C_Disable), (18 bytes).
    Removing stm32f0xx_ll_i2c.o(.ARM.exidx.text.LL_I2C_Disable), (8 bytes).
    Removing stm32f0xx_ll_i2c.o(.text.LL_I2C_ConfigFilters), (36 bytes).
    Removing stm32f0xx_ll_i2c.o(.ARM.exidx.text.LL_I2C_ConfigFilters), (8 bytes).
    Removing stm32f0xx_ll_i2c.o(.text.LL_I2C_SetTiming), (16 bytes).
    Removing stm32f0xx_ll_i2c.o(.ARM.exidx.text.LL_I2C_SetTiming), (8 bytes).
    Removing stm32f0xx_ll_i2c.o(.text.LL_I2C_Enable), (18 bytes).
    Removing stm32f0xx_ll_i2c.o(.ARM.exidx.text.LL_I2C_Enable), (8 bytes).
    Removing stm32f0xx_ll_i2c.o(.text.LL_I2C_DisableOwnAddress1), (20 bytes).
    Removing stm32f0xx_ll_i2c.o(.ARM.exidx.text.LL_I2C_DisableOwnAddress1), (8 bytes).
    Removing stm32f0xx_ll_i2c.o(.text.LL_I2C_SetOwnAddress1), (36 bytes).
    Removing stm32f0xx_ll_i2c.o(.ARM.exidx.text.LL_I2C_SetOwnAddress1), (8 bytes).
    Removing stm32f0xx_ll_i2c.o(.text.LL_I2C_EnableOwnAddress1), (20 bytes).
    Removing stm32f0xx_ll_i2c.o(.ARM.exidx.text.LL_I2C_EnableOwnAddress1), (8 bytes).
    Removing stm32f0xx_ll_i2c.o(.text.LL_I2C_SetMode), (28 bytes).
    Removing stm32f0xx_ll_i2c.o(.ARM.exidx.text.LL_I2C_SetMode), (8 bytes).
    Removing stm32f0xx_ll_i2c.o(.text.LL_I2C_AcknowledgeNextData), (28 bytes).
    Removing stm32f0xx_ll_i2c.o(.ARM.exidx.text.LL_I2C_AcknowledgeNextData), (8 bytes).
    Removing stm32f0xx_ll_i2c.o(.text.LL_I2C_StructInit), (42 bytes).
    Removing stm32f0xx_ll_i2c.o(.ARM.exidx.text.LL_I2C_StructInit), (8 bytes).
    Removing stm32f0xx_ll_pwr.o(.text), (0 bytes).
    Removing stm32f0xx_ll_pwr.o(.text.LL_PWR_DeInit), (26 bytes).
    Removing stm32f0xx_ll_pwr.o(.ARM.exidx.text.LL_PWR_DeInit), (8 bytes).
    Removing stm32f0xx_ll_pwr.o(.text.LL_APB1_GRP1_ForceReset), (24 bytes).
    Removing stm32f0xx_ll_pwr.o(.ARM.exidx.text.LL_APB1_GRP1_ForceReset), (8 bytes).
    Removing stm32f0xx_ll_pwr.o(.text.LL_APB1_GRP1_ReleaseReset), (24 bytes).
    Removing stm32f0xx_ll_pwr.o(.ARM.exidx.text.LL_APB1_GRP1_ReleaseReset), (8 bytes).
    Removing stm32f0xx_ll_rcc.o(.text), (0 bytes).
    Removing stm32f0xx_ll_rcc.o(.text.LL_RCC_DeInit), (184 bytes).
    Removing stm32f0xx_ll_rcc.o(.ARM.exidx.text.LL_RCC_DeInit), (8 bytes).
    Removing stm32f0xx_ll_rcc.o(.text.LL_RCC_HSI_Enable), (16 bytes).
    Removing stm32f0xx_ll_rcc.o(.ARM.exidx.text.LL_RCC_HSI_Enable), (8 bytes).
    Removing stm32f0xx_ll_rcc.o(.text.LL_RCC_HSI_IsReady), (16 bytes).
    Removing stm32f0xx_ll_rcc.o(.ARM.exidx.text.LL_RCC_HSI_IsReady), (8 bytes).
    Removing stm32f0xx_ll_rcc.o(.text.LL_RCC_HSI_SetCalibTrimming), (28 bytes).
    Removing stm32f0xx_ll_rcc.o(.ARM.exidx.text.LL_RCC_HSI_SetCalibTrimming), (8 bytes).
    Removing stm32f0xx_ll_rcc.o(.text.LL_RCC_GetSysClkSource), (16 bytes).
    Removing stm32f0xx_ll_rcc.o(.ARM.exidx.text.LL_RCC_GetSysClkSource), (8 bytes).
    Removing stm32f0xx_ll_rcc.o(.text.LL_RCC_PLL_IsReady), (20 bytes).
    Removing stm32f0xx_ll_rcc.o(.ARM.exidx.text.LL_RCC_PLL_IsReady), (8 bytes).
    Removing stm32f0xx_ll_rcc.o(.text.LL_RCC_HSE_DisableBypass), (20 bytes).
    Removing stm32f0xx_ll_rcc.o(.ARM.exidx.text.LL_RCC_HSE_DisableBypass), (8 bytes).
    Removing stm32f0xx_ll_rcc.o(.text.LL_RCC_HSI14_SetCalibTrimming), (28 bytes).
    Removing stm32f0xx_ll_rcc.o(.ARM.exidx.text.LL_RCC_HSI14_SetCalibTrimming), (8 bytes).
    Removing stm32f0xx_ll_rcc.o(.text.LL_RCC_HSI14_Disable), (16 bytes).
    Removing stm32f0xx_ll_rcc.o(.ARM.exidx.text.LL_RCC_HSI14_Disable), (8 bytes).
    Removing stm32f0xx_ll_rcc.o(.text.LL_RCC_HSI14_EnableADCControl), (16 bytes).
    Removing stm32f0xx_ll_rcc.o(.ARM.exidx.text.LL_RCC_HSI14_EnableADCControl), (8 bytes).
    Removing stm32f0xx_ll_rcc.o(.text.LL_RCC_ClearResetFlags), (20 bytes).
    Removing stm32f0xx_ll_rcc.o(.ARM.exidx.text.LL_RCC_ClearResetFlags), (8 bytes).
    Removing stm32f0xx_ll_rcc.o(.text.LL_RCC_GetSystemClocksFreq), (42 bytes).
    Removing stm32f0xx_ll_rcc.o(.ARM.exidx.text.LL_RCC_GetSystemClocksFreq), (8 bytes).
    Removing stm32f0xx_ll_rcc.o(.text.RCC_GetSystemClockFreq), (76 bytes).
    Removing stm32f0xx_ll_rcc.o(.ARM.exidx.text.RCC_GetSystemClockFreq), (8 bytes).
    Removing stm32f0xx_ll_rcc.o(.text.RCC_GetHCLKClockFreq), (36 bytes).
    Removing stm32f0xx_ll_rcc.o(.ARM.exidx.text.RCC_GetHCLKClockFreq), (8 bytes).
    Removing stm32f0xx_ll_rcc.o(.text.RCC_GetPCLK1ClockFreq), (36 bytes).
    Removing stm32f0xx_ll_rcc.o(.ARM.exidx.text.RCC_GetPCLK1ClockFreq), (8 bytes).
    Removing stm32f0xx_ll_rcc.o(.text.LL_RCC_GetUSARTClockFreq), (136 bytes).
    Removing stm32f0xx_ll_rcc.o(.ARM.exidx.text.LL_RCC_GetUSARTClockFreq), (8 bytes).
    Removing stm32f0xx_ll_rcc.o(.text.LL_RCC_GetUSARTClockSource), (28 bytes).
    Removing stm32f0xx_ll_rcc.o(.ARM.exidx.text.LL_RCC_GetUSARTClockSource), (8 bytes).
    Removing stm32f0xx_ll_rcc.o(.text.LL_RCC_LSE_IsReady), (16 bytes).
    Removing stm32f0xx_ll_rcc.o(.ARM.exidx.text.LL_RCC_LSE_IsReady), (8 bytes).
    Removing stm32f0xx_ll_rcc.o(.text.LL_RCC_GetI2CClockFreq), (84 bytes).
    Removing stm32f0xx_ll_rcc.o(.ARM.exidx.text.LL_RCC_GetI2CClockFreq), (8 bytes).
    Removing stm32f0xx_ll_rcc.o(.text.LL_RCC_GetI2CClockSource), (20 bytes).
    Removing stm32f0xx_ll_rcc.o(.ARM.exidx.text.LL_RCC_GetI2CClockSource), (8 bytes).
    Removing stm32f0xx_ll_rcc.o(.text.LL_RCC_GetCECClockFreq), (84 bytes).
    Removing stm32f0xx_ll_rcc.o(.ARM.exidx.text.LL_RCC_GetCECClockFreq), (8 bytes).
    Removing stm32f0xx_ll_rcc.o(.text.LL_RCC_GetCECClockSource), (20 bytes).
    Removing stm32f0xx_ll_rcc.o(.ARM.exidx.text.LL_RCC_GetCECClockSource), (8 bytes).
    Removing stm32f0xx_ll_rcc.o(.text.RCC_PLL_GetFreqDomain_SYS), (108 bytes).
    Removing stm32f0xx_ll_rcc.o(.ARM.exidx.text.RCC_PLL_GetFreqDomain_SYS), (8 bytes).
    Removing stm32f0xx_ll_rcc.o(.text.LL_RCC_GetAHBPrescaler), (16 bytes).
    Removing stm32f0xx_ll_rcc.o(.ARM.exidx.text.LL_RCC_GetAHBPrescaler), (8 bytes).
    Removing stm32f0xx_ll_rcc.o(.text.LL_RCC_GetAPB1Prescaler), (16 bytes).
    Removing stm32f0xx_ll_rcc.o(.ARM.exidx.text.LL_RCC_GetAPB1Prescaler), (8 bytes).
    Removing stm32f0xx_ll_rcc.o(.text.LL_RCC_PLL_GetMainSource), (16 bytes).
    Removing stm32f0xx_ll_rcc.o(.ARM.exidx.text.LL_RCC_PLL_GetMainSource), (8 bytes).
    Removing stm32f0xx_ll_rcc.o(.text.LL_RCC_PLL_GetPrediv), (16 bytes).
    Removing stm32f0xx_ll_rcc.o(.ARM.exidx.text.LL_RCC_PLL_GetPrediv), (8 bytes).
    Removing stm32f0xx_ll_rcc.o(.text.LL_RCC_PLL_GetMultiplicator), (16 bytes).
    Removing stm32f0xx_ll_rcc.o(.ARM.exidx.text.LL_RCC_PLL_GetMultiplicator), (8 bytes).
    Removing stm32f0xx_ll_rtc.o(.text), (0 bytes).
    Removing stm32f0xx_ll_rtc.o(.text.LL_RTC_DeInit), (112 bytes).
    Removing stm32f0xx_ll_rtc.o(.ARM.exidx.text.LL_RTC_DeInit), (8 bytes).
    Removing stm32f0xx_ll_rtc.o(.text.LL_RTC_DisableWriteProtection), (20 bytes).
    Removing stm32f0xx_ll_rtc.o(.ARM.exidx.text.LL_RTC_DisableWriteProtection), (8 bytes).
    Removing stm32f0xx_ll_rtc.o(.text.LL_RTC_EnterInitMode), (136 bytes).
    Removing stm32f0xx_ll_rtc.o(.ARM.exidx.text.LL_RTC_EnterInitMode), (8 bytes).
    Removing stm32f0xx_ll_rtc.o(.text.LL_RTC_WaitForSynchro), (226 bytes).
    Removing stm32f0xx_ll_rtc.o(.ARM.exidx.text.LL_RTC_WaitForSynchro), (8 bytes).
    Removing stm32f0xx_ll_rtc.o(.text.LL_RTC_EnableWriteProtection), (14 bytes).
    Removing stm32f0xx_ll_rtc.o(.ARM.exidx.text.LL_RTC_EnableWriteProtection), (8 bytes).
    Removing stm32f0xx_ll_rtc.o(.text.LL_RTC_Init), (90 bytes).
    Removing stm32f0xx_ll_rtc.o(.ARM.exidx.text.LL_RTC_Init), (8 bytes).
    Removing stm32f0xx_ll_rtc.o(.text.LL_RTC_SetHourFormat), (26 bytes).
    Removing stm32f0xx_ll_rtc.o(.ARM.exidx.text.LL_RTC_SetHourFormat), (8 bytes).
    Removing stm32f0xx_ll_rtc.o(.text.LL_RTC_SetSynchPrescaler), (32 bytes).
    Removing stm32f0xx_ll_rtc.o(.ARM.exidx.text.LL_RTC_SetSynchPrescaler), (8 bytes).
    Removing stm32f0xx_ll_rtc.o(.text.LL_RTC_SetAsynchPrescaler), (30 bytes).
    Removing stm32f0xx_ll_rtc.o(.ARM.exidx.text.LL_RTC_SetAsynchPrescaler), (8 bytes).
    Removing stm32f0xx_ll_rtc.o(.text.LL_RTC_DisableInitMode), (16 bytes).
    Removing stm32f0xx_ll_rtc.o(.ARM.exidx.text.LL_RTC_DisableInitMode), (8 bytes).
    Removing stm32f0xx_ll_rtc.o(.text.LL_RTC_StructInit), (26 bytes).
    Removing stm32f0xx_ll_rtc.o(.ARM.exidx.text.LL_RTC_StructInit), (8 bytes).
    Removing stm32f0xx_ll_rtc.o(.text.LL_RTC_TIME_Init), (264 bytes).
    Removing stm32f0xx_ll_rtc.o(.ARM.exidx.text.LL_RTC_TIME_Init), (8 bytes).
    Removing stm32f0xx_ll_rtc.o(.text.LL_RTC_GetHourFormat), (16 bytes).
    Removing stm32f0xx_ll_rtc.o(.ARM.exidx.text.LL_RTC_GetHourFormat), (8 bytes).
    Removing stm32f0xx_ll_rtc.o(.text.LL_RTC_TIME_Config), (68 bytes).
    Removing stm32f0xx_ll_rtc.o(.ARM.exidx.text.LL_RTC_TIME_Config), (8 bytes).
    Removing stm32f0xx_ll_rtc.o(.text.LL_RTC_IsShadowRegBypassEnabled), (18 bytes).
    Removing stm32f0xx_ll_rtc.o(.ARM.exidx.text.LL_RTC_IsShadowRegBypassEnabled), (8 bytes).
    Removing stm32f0xx_ll_rtc.o(.text.LL_RTC_TIME_StructInit), (26 bytes).
    Removing stm32f0xx_ll_rtc.o(.ARM.exidx.text.LL_RTC_TIME_StructInit), (8 bytes).
    Removing stm32f0xx_ll_rtc.o(.text.LL_RTC_DATE_Init), (254 bytes).
    Removing stm32f0xx_ll_rtc.o(.ARM.exidx.text.LL_RTC_DATE_Init), (8 bytes).
    Removing stm32f0xx_ll_rtc.o(.text.LL_RTC_DATE_Config), (72 bytes).
    Removing stm32f0xx_ll_rtc.o(.ARM.exidx.text.LL_RTC_DATE_Config), (8 bytes).
    Removing stm32f0xx_ll_rtc.o(.text.LL_RTC_DATE_StructInit), (28 bytes).
    Removing stm32f0xx_ll_rtc.o(.ARM.exidx.text.LL_RTC_DATE_StructInit), (8 bytes).
    Removing stm32f0xx_ll_rtc.o(.text.LL_RTC_ALMA_Init), (334 bytes).
    Removing stm32f0xx_ll_rtc.o(.ARM.exidx.text.LL_RTC_ALMA_Init), (8 bytes).
    Removing stm32f0xx_ll_rtc.o(.text.LL_RTC_ALMA_DisableWeekday), (20 bytes).
    Removing stm32f0xx_ll_rtc.o(.ARM.exidx.text.LL_RTC_ALMA_DisableWeekday), (8 bytes).
    Removing stm32f0xx_ll_rtc.o(.text.LL_RTC_ALMA_SetDay), (30 bytes).
    Removing stm32f0xx_ll_rtc.o(.ARM.exidx.text.LL_RTC_ALMA_SetDay), (8 bytes).
    Removing stm32f0xx_ll_rtc.o(.text.LL_RTC_ALMA_EnableWeekday), (20 bytes).
    Removing stm32f0xx_ll_rtc.o(.ARM.exidx.text.LL_RTC_ALMA_EnableWeekday), (8 bytes).
    Removing stm32f0xx_ll_rtc.o(.text.LL_RTC_ALMA_SetWeekDay), (30 bytes).
    Removing stm32f0xx_ll_rtc.o(.ARM.exidx.text.LL_RTC_ALMA_SetWeekDay), (8 bytes).
    Removing stm32f0xx_ll_rtc.o(.text.LL_RTC_ALMA_ConfigTime), (68 bytes).
    Removing stm32f0xx_ll_rtc.o(.ARM.exidx.text.LL_RTC_ALMA_ConfigTime), (8 bytes).
    Removing stm32f0xx_ll_rtc.o(.text.LL_RTC_ALMA_SetMask), (32 bytes).
    Removing stm32f0xx_ll_rtc.o(.ARM.exidx.text.LL_RTC_ALMA_SetMask), (8 bytes).
    Removing stm32f0xx_ll_rtc.o(.text.LL_RTC_ALMA_StructInit), (40 bytes).
    Removing stm32f0xx_ll_rtc.o(.ARM.exidx.text.LL_RTC_ALMA_StructInit), (8 bytes).
    Removing stm32f0xx_ll_rtc.o(.text.LL_RTC_IsActiveFlag_INIT), (18 bytes).
    Removing stm32f0xx_ll_rtc.o(.ARM.exidx.text.LL_RTC_IsActiveFlag_INIT), (8 bytes).
    Removing stm32f0xx_ll_rtc.o(.text.LL_RTC_EnableInitMode), (16 bytes).
    Removing stm32f0xx_ll_rtc.o(.ARM.exidx.text.LL_RTC_EnableInitMode), (8 bytes).
    Removing stm32f0xx_ll_rtc.o(.text.LL_SYSTICK_IsActiveCounterFlag), (20 bytes).
    Removing stm32f0xx_ll_rtc.o(.ARM.exidx.text.LL_SYSTICK_IsActiveCounterFlag), (8 bytes).
    Removing stm32f0xx_ll_rtc.o(.text.LL_RTC_ExitInitMode), (18 bytes).
    Removing stm32f0xx_ll_rtc.o(.ARM.exidx.text.LL_RTC_ExitInitMode), (8 bytes).
    Removing stm32f0xx_ll_rtc.o(.text.LL_RTC_ClearFlag_RS), (26 bytes).
    Removing stm32f0xx_ll_rtc.o(.ARM.exidx.text.LL_RTC_ClearFlag_RS), (8 bytes).
    Removing stm32f0xx_ll_rtc.o(.text.LL_RTC_IsActiveFlag_RS), (18 bytes).
    Removing stm32f0xx_ll_rtc.o(.ARM.exidx.text.LL_RTC_IsActiveFlag_RS), (8 bytes).
    Removing stm32f0xx_ll_spi.o(.text), (0 bytes).
    Removing stm32f0xx_ll_spi.o(.text.LL_SPI_DeInit), (96 bytes).
    Removing stm32f0xx_ll_spi.o(.ARM.exidx.text.LL_SPI_DeInit), (8 bytes).
    Removing stm32f0xx_ll_spi.o(.text.LL_APB1_GRP2_ForceReset), (24 bytes).
    Removing stm32f0xx_ll_spi.o(.ARM.exidx.text.LL_APB1_GRP2_ForceReset), (8 bytes).
    Removing stm32f0xx_ll_spi.o(.text.LL_APB1_GRP2_ReleaseReset), (24 bytes).
    Removing stm32f0xx_ll_spi.o(.ARM.exidx.text.LL_APB1_GRP2_ReleaseReset), (8 bytes).
    Removing stm32f0xx_ll_spi.o(.text.LL_APB1_GRP1_ForceReset), (24 bytes).
    Removing stm32f0xx_ll_spi.o(.ARM.exidx.text.LL_APB1_GRP1_ForceReset), (8 bytes).
    Removing stm32f0xx_ll_spi.o(.text.LL_APB1_GRP1_ReleaseReset), (24 bytes).
    Removing stm32f0xx_ll_spi.o(.ARM.exidx.text.LL_APB1_GRP1_ReleaseReset), (8 bytes).
    Removing stm32f0xx_ll_spi.o(.text.LL_SPI_Init), (184 bytes).
    Removing stm32f0xx_ll_spi.o(.ARM.exidx.text.LL_SPI_Init), (8 bytes).
    Removing stm32f0xx_ll_spi.o(.text.LL_SPI_IsEnabled), (18 bytes).
    Removing stm32f0xx_ll_spi.o(.ARM.exidx.text.LL_SPI_IsEnabled), (8 bytes).
    Removing stm32f0xx_ll_spi.o(.text.LL_SPI_SetRxFIFOThreshold), (28 bytes).
    Removing stm32f0xx_ll_spi.o(.ARM.exidx.text.LL_SPI_SetRxFIFOThreshold), (8 bytes).
    Removing stm32f0xx_ll_spi.o(.text.LL_SPI_SetCRCPolynomial), (18 bytes).
    Removing stm32f0xx_ll_spi.o(.ARM.exidx.text.LL_SPI_SetCRCPolynomial), (8 bytes).
    Removing stm32f0xx_ll_spi.o(.text.LL_SPI_StructInit), (54 bytes).
    Removing stm32f0xx_ll_spi.o(.ARM.exidx.text.LL_SPI_StructInit), (8 bytes).
    Removing stm32f0xx_ll_spi.o(.text.LL_I2S_DeInit), (16 bytes).
    Removing stm32f0xx_ll_spi.o(.ARM.exidx.text.LL_I2S_DeInit), (8 bytes).
    Removing stm32f0xx_ll_spi.o(.text.LL_I2S_Init), (276 bytes).
    Removing stm32f0xx_ll_spi.o(.ARM.exidx.text.LL_I2S_Init), (8 bytes).
    Removing stm32f0xx_ll_spi.o(.text.LL_I2S_IsEnabled), (20 bytes).
    Removing stm32f0xx_ll_spi.o(.ARM.exidx.text.LL_I2S_IsEnabled), (8 bytes).
    Removing stm32f0xx_ll_spi.o(.text.LL_I2S_StructInit), (36 bytes).
    Removing stm32f0xx_ll_spi.o(.ARM.exidx.text.LL_I2S_StructInit), (8 bytes).
    Removing stm32f0xx_ll_spi.o(.text.LL_I2S_ConfigPrescaler), (40 bytes).
    Removing stm32f0xx_ll_spi.o(.ARM.exidx.text.LL_I2S_ConfigPrescaler), (8 bytes).
    Removing stm32f0xx_ll_tim.o(.text), (0 bytes).
    Removing stm32f0xx_ll_tim.o(.text.LL_TIM_DeInit), (292 bytes).
    Removing stm32f0xx_ll_tim.o(.ARM.exidx.text.LL_TIM_DeInit), (8 bytes).
    Removing stm32f0xx_ll_tim.o(.text.LL_APB1_GRP2_ForceReset), (24 bytes).
    Removing stm32f0xx_ll_tim.o(.ARM.exidx.text.LL_APB1_GRP2_ForceReset), (8 bytes).
    Removing stm32f0xx_ll_tim.o(.text.LL_APB1_GRP2_ReleaseReset), (24 bytes).
    Removing stm32f0xx_ll_tim.o(.ARM.exidx.text.LL_APB1_GRP2_ReleaseReset), (8 bytes).
    Removing stm32f0xx_ll_tim.o(.text.LL_APB1_GRP1_ForceReset), (24 bytes).
    Removing stm32f0xx_ll_tim.o(.ARM.exidx.text.LL_APB1_GRP1_ForceReset), (8 bytes).
    Removing stm32f0xx_ll_tim.o(.text.LL_APB1_GRP1_ReleaseReset), (24 bytes).
    Removing stm32f0xx_ll_tim.o(.ARM.exidx.text.LL_APB1_GRP1_ReleaseReset), (8 bytes).
    Removing stm32f0xx_ll_tim.o(.text.LL_TIM_StructInit), (32 bytes).
    Removing stm32f0xx_ll_tim.o(.ARM.exidx.text.LL_TIM_StructInit), (8 bytes).
    Removing stm32f0xx_ll_tim.o(.text.LL_TIM_Init), (268 bytes).
    Removing stm32f0xx_ll_tim.o(.ARM.exidx.text.LL_TIM_Init), (8 bytes).
    Removing stm32f0xx_ll_tim.o(.text.LL_TIM_SetAutoReload), (16 bytes).
    Removing stm32f0xx_ll_tim.o(.ARM.exidx.text.LL_TIM_SetAutoReload), (8 bytes).
    Removing stm32f0xx_ll_tim.o(.text.LL_TIM_SetPrescaler), (16 bytes).
    Removing stm32f0xx_ll_tim.o(.ARM.exidx.text.LL_TIM_SetPrescaler), (8 bytes).
    Removing stm32f0xx_ll_tim.o(.text.LL_TIM_SetRepetitionCounter), (16 bytes).
    Removing stm32f0xx_ll_tim.o(.ARM.exidx.text.LL_TIM_SetRepetitionCounter), (8 bytes).
    Removing stm32f0xx_ll_tim.o(.text.LL_TIM_GenerateEvent_UPDATE), (18 bytes).
    Removing stm32f0xx_ll_tim.o(.ARM.exidx.text.LL_TIM_GenerateEvent_UPDATE), (8 bytes).
    Removing stm32f0xx_ll_tim.o(.text.LL_TIM_OC_StructInit), (42 bytes).
    Removing stm32f0xx_ll_tim.o(.ARM.exidx.text.LL_TIM_OC_StructInit), (8 bytes).
    Removing stm32f0xx_ll_tim.o(.text.LL_TIM_OC_Init), (124 bytes).
    Removing stm32f0xx_ll_tim.o(.ARM.exidx.text.LL_TIM_OC_Init), (8 bytes).
    Removing stm32f0xx_ll_tim.o(.text.OC1Config), (244 bytes).
    Removing stm32f0xx_ll_tim.o(.ARM.exidx.text.OC1Config), (8 bytes).
    Removing stm32f0xx_ll_tim.o(.text.OC2Config), (256 bytes).
    Removing stm32f0xx_ll_tim.o(.ARM.exidx.text.OC2Config), (8 bytes).
    Removing stm32f0xx_ll_tim.o(.text.OC3Config), (252 bytes).
    Removing stm32f0xx_ll_tim.o(.ARM.exidx.text.OC3Config), (8 bytes).
    Removing stm32f0xx_ll_tim.o(.text.OC4Config), (212 bytes).
    Removing stm32f0xx_ll_tim.o(.ARM.exidx.text.OC4Config), (8 bytes).
    Removing stm32f0xx_ll_tim.o(.text.LL_TIM_IC_StructInit), (30 bytes).
    Removing stm32f0xx_ll_tim.o(.ARM.exidx.text.LL_TIM_IC_StructInit), (8 bytes).
    Removing stm32f0xx_ll_tim.o(.text.LL_TIM_IC_Init), (124 bytes).
    Removing stm32f0xx_ll_tim.o(.ARM.exidx.text.LL_TIM_IC_Init), (8 bytes).
    Removing stm32f0xx_ll_tim.o(.text.IC1Config), (72 bytes).
    Removing stm32f0xx_ll_tim.o(.ARM.exidx.text.IC1Config), (8 bytes).
    Removing stm32f0xx_ll_tim.o(.text.IC2Config), (76 bytes).
    Removing stm32f0xx_ll_tim.o(.ARM.exidx.text.IC2Config), (8 bytes).
    Removing stm32f0xx_ll_tim.o(.text.IC3Config), (78 bytes).
    Removing stm32f0xx_ll_tim.o(.ARM.exidx.text.IC3Config), (8 bytes).
    Removing stm32f0xx_ll_tim.o(.text.IC4Config), (80 bytes).
    Removing stm32f0xx_ll_tim.o(.ARM.exidx.text.IC4Config), (8 bytes).
    Removing stm32f0xx_ll_tim.o(.text.LL_TIM_ENCODER_StructInit), (50 bytes).
    Removing stm32f0xx_ll_tim.o(.ARM.exidx.text.LL_TIM_ENCODER_StructInit), (8 bytes).
    Removing stm32f0xx_ll_tim.o(.text.LL_TIM_ENCODER_Init), (176 bytes).
    Removing stm32f0xx_ll_tim.o(.ARM.exidx.text.LL_TIM_ENCODER_Init), (8 bytes).
    Removing stm32f0xx_ll_tim.o(.text.LL_TIM_SetEncoderMode), (26 bytes).
    Removing stm32f0xx_ll_tim.o(.ARM.exidx.text.LL_TIM_SetEncoderMode), (8 bytes).
    Removing stm32f0xx_ll_tim.o(.text.LL_TIM_HALLSENSOR_StructInit), (26 bytes).
    Removing stm32f0xx_ll_tim.o(.ARM.exidx.text.LL_TIM_HALLSENSOR_StructInit), (8 bytes).
    Removing stm32f0xx_ll_tim.o(.text.LL_TIM_HALLSENSOR_Init), (202 bytes).
    Removing stm32f0xx_ll_tim.o(.ARM.exidx.text.LL_TIM_HALLSENSOR_Init), (8 bytes).
    Removing stm32f0xx_ll_tim.o(.text.LL_TIM_OC_SetCompareCH2), (16 bytes).
    Removing stm32f0xx_ll_tim.o(.ARM.exidx.text.LL_TIM_OC_SetCompareCH2), (8 bytes).
    Removing stm32f0xx_ll_tim.o(.text.LL_TIM_BDTR_StructInit), (38 bytes).
    Removing stm32f0xx_ll_tim.o(.ARM.exidx.text.LL_TIM_BDTR_StructInit), (8 bytes).
    Removing stm32f0xx_ll_tim.o(.text.LL_TIM_BDTR_Init), (130 bytes).
    Removing stm32f0xx_ll_tim.o(.ARM.exidx.text.LL_TIM_BDTR_Init), (8 bytes).
    Removing stm32f0xx_ll_tim.o(.text.LL_TIM_OC_SetCompareCH1), (16 bytes).
    Removing stm32f0xx_ll_tim.o(.ARM.exidx.text.LL_TIM_OC_SetCompareCH1), (8 bytes).
    Removing stm32f0xx_ll_tim.o(.text.LL_TIM_OC_SetCompareCH3), (16 bytes).
    Removing stm32f0xx_ll_tim.o(.ARM.exidx.text.LL_TIM_OC_SetCompareCH3), (8 bytes).
    Removing stm32f0xx_ll_tim.o(.text.LL_TIM_OC_SetCompareCH4), (16 bytes).
    Removing stm32f0xx_ll_tim.o(.ARM.exidx.text.LL_TIM_OC_SetCompareCH4), (8 bytes).
    Removing stm32f0xx_ll_usart.o(.text), (0 bytes).
    Removing stm32f0xx_ll_usart.o(.text.LL_USART_DeInit), (96 bytes).
    Removing stm32f0xx_ll_usart.o(.ARM.exidx.text.LL_USART_DeInit), (8 bytes).
    Removing stm32f0xx_ll_usart.o(.text.LL_APB1_GRP2_ForceReset), (24 bytes).
    Removing stm32f0xx_ll_usart.o(.ARM.exidx.text.LL_APB1_GRP2_ForceReset), (8 bytes).
    Removing stm32f0xx_ll_usart.o(.text.LL_APB1_GRP2_ReleaseReset), (24 bytes).
    Removing stm32f0xx_ll_usart.o(.ARM.exidx.text.LL_APB1_GRP2_ReleaseReset), (8 bytes).
    Removing stm32f0xx_ll_usart.o(.text.LL_APB1_GRP1_ForceReset), (24 bytes).
    Removing stm32f0xx_ll_usart.o(.ARM.exidx.text.LL_APB1_GRP1_ForceReset), (8 bytes).
    Removing stm32f0xx_ll_usart.o(.text.LL_APB1_GRP1_ReleaseReset), (24 bytes).
    Removing stm32f0xx_ll_usart.o(.ARM.exidx.text.LL_APB1_GRP1_ReleaseReset), (8 bytes).
    Removing stm32f0xx_ll_usart.o(.text.LL_USART_Init), (188 bytes).
    Removing stm32f0xx_ll_usart.o(.ARM.exidx.text.LL_USART_Init), (8 bytes).
    Removing stm32f0xx_ll_usart.o(.text.LL_USART_IsEnabled), (16 bytes).
    Removing stm32f0xx_ll_usart.o(.ARM.exidx.text.LL_USART_IsEnabled), (8 bytes).
    Removing stm32f0xx_ll_usart.o(.text.LL_USART_SetStopBitsLength), (28 bytes).
    Removing stm32f0xx_ll_usart.o(.ARM.exidx.text.LL_USART_SetStopBitsLength), (8 bytes).
    Removing stm32f0xx_ll_usart.o(.text.LL_USART_SetHWFlowCtrl), (28 bytes).
    Removing stm32f0xx_ll_usart.o(.ARM.exidx.text.LL_USART_SetHWFlowCtrl), (8 bytes).
    Removing stm32f0xx_ll_usart.o(.text.LL_USART_SetBaudRate), (100 bytes).
    Removing stm32f0xx_ll_usart.o(.ARM.exidx.text.LL_USART_SetBaudRate), (8 bytes).
    Removing stm32f0xx_ll_usart.o(.text.LL_USART_StructInit), (44 bytes).
    Removing stm32f0xx_ll_usart.o(.ARM.exidx.text.LL_USART_StructInit), (8 bytes).
    Removing stm32f0xx_ll_usart.o(.text.LL_USART_ClockInit), (98 bytes).
    Removing stm32f0xx_ll_usart.o(.ARM.exidx.text.LL_USART_ClockInit), (8 bytes).
    Removing stm32f0xx_ll_usart.o(.text.LL_USART_DisableSCLKOutput), (20 bytes).
    Removing stm32f0xx_ll_usart.o(.ARM.exidx.text.LL_USART_DisableSCLKOutput), (8 bytes).
    Removing stm32f0xx_ll_usart.o(.text.LL_USART_ClockStructInit), (26 bytes).
    Removing stm32f0xx_ll_usart.o(.ARM.exidx.text.LL_USART_ClockStructInit), (8 bytes).
    Removing stm32f0xx_ll_usb.o(.text), (0 bytes).
    Removing stm32f0xx_ll_utils.o(.text), (0 bytes).
    Removing stm32f0xx_ll_utils.o(.text.LL_Init1msTick), (20 bytes).
    Removing stm32f0xx_ll_utils.o(.ARM.exidx.text.LL_Init1msTick), (8 bytes).
    Removing stm32f0xx_ll_utils.o(.text.LL_InitTick), (52 bytes).
    Removing stm32f0xx_ll_utils.o(.ARM.exidx.text.LL_InitTick), (8 bytes).
    Removing stm32f0xx_ll_utils.o(.text.LL_mDelay), (72 bytes).
    Removing stm32f0xx_ll_utils.o(.ARM.exidx.text.LL_mDelay), (8 bytes).
    Removing stm32f0xx_ll_utils.o(.text.LL_SetSystemCoreClock), (20 bytes).
    Removing stm32f0xx_ll_utils.o(.ARM.exidx.text.LL_SetSystemCoreClock), (8 bytes).
    Removing stm32f0xx_ll_utils.o(.text.LL_SetFlashLatency), (164 bytes).
    Removing stm32f0xx_ll_utils.o(.ARM.exidx.text.LL_SetFlashLatency), (8 bytes).
    Removing stm32f0xx_ll_utils.o(.text.LL_FLASH_SetLatency), (28 bytes).
    Removing stm32f0xx_ll_utils.o(.ARM.exidx.text.LL_FLASH_SetLatency), (8 bytes).
    Removing stm32f0xx_ll_utils.o(.text.LL_FLASH_GetLatency), (16 bytes).
    Removing stm32f0xx_ll_utils.o(.ARM.exidx.text.LL_FLASH_GetLatency), (8 bytes).
    Removing stm32f0xx_ll_utils.o(.text.LL_PLL_ConfigSystemClock_HSI), (116 bytes).
    Removing stm32f0xx_ll_utils.o(.ARM.exidx.text.LL_PLL_ConfigSystemClock_HSI), (8 bytes).
    Removing stm32f0xx_ll_utils.o(.text.UTILS_PLL_IsBusy), (36 bytes).
    Removing stm32f0xx_ll_utils.o(.ARM.exidx.text.UTILS_PLL_IsBusy), (8 bytes).
    Removing stm32f0xx_ll_utils.o(.text.UTILS_GetPLLOutputFrequency), (52 bytes).
    Removing stm32f0xx_ll_utils.o(.ARM.exidx.text.UTILS_GetPLLOutputFrequency), (8 bytes).
    Removing stm32f0xx_ll_utils.o(.text.LL_RCC_HSI_IsReady), (16 bytes).
    Removing stm32f0xx_ll_utils.o(.ARM.exidx.text.LL_RCC_HSI_IsReady), (8 bytes).
    Removing stm32f0xx_ll_utils.o(.text.LL_RCC_HSI_Enable), (16 bytes).
    Removing stm32f0xx_ll_utils.o(.ARM.exidx.text.LL_RCC_HSI_Enable), (8 bytes).
    Removing stm32f0xx_ll_utils.o(.text.LL_RCC_PLL_ConfigDomain_SYS), (60 bytes).
    Removing stm32f0xx_ll_utils.o(.ARM.exidx.text.LL_RCC_PLL_ConfigDomain_SYS), (8 bytes).
    Removing stm32f0xx_ll_utils.o(.text.UTILS_EnablePLLAndSwitchSystem), (196 bytes).
    Removing stm32f0xx_ll_utils.o(.ARM.exidx.text.UTILS_EnablePLLAndSwitchSystem), (8 bytes).
    Removing stm32f0xx_ll_utils.o(.text.LL_PLL_ConfigSystemClock_HSE), (136 bytes).
    Removing stm32f0xx_ll_utils.o(.ARM.exidx.text.LL_PLL_ConfigSystemClock_HSE), (8 bytes).
    Removing stm32f0xx_ll_utils.o(.text.LL_RCC_HSE_IsReady), (20 bytes).
    Removing stm32f0xx_ll_utils.o(.ARM.exidx.text.LL_RCC_HSE_IsReady), (8 bytes).
    Removing stm32f0xx_ll_utils.o(.text.LL_RCC_HSE_EnableBypass), (20 bytes).
    Removing stm32f0xx_ll_utils.o(.ARM.exidx.text.LL_RCC_HSE_EnableBypass), (8 bytes).
    Removing stm32f0xx_ll_utils.o(.text.LL_RCC_HSE_DisableBypass), (20 bytes).
    Removing stm32f0xx_ll_utils.o(.ARM.exidx.text.LL_RCC_HSE_DisableBypass), (8 bytes).
    Removing stm32f0xx_ll_utils.o(.text.LL_RCC_HSE_Enable), (20 bytes).
    Removing stm32f0xx_ll_utils.o(.ARM.exidx.text.LL_RCC_HSE_Enable), (8 bytes).
    Removing stm32f0xx_ll_utils.o(.text.LL_RCC_PLL_IsReady), (20 bytes).
    Removing stm32f0xx_ll_utils.o(.ARM.exidx.text.LL_RCC_PLL_IsReady), (8 bytes).
    Removing stm32f0xx_ll_utils.o(.text.LL_RCC_GetAHBPrescaler), (16 bytes).
    Removing stm32f0xx_ll_utils.o(.ARM.exidx.text.LL_RCC_GetAHBPrescaler), (8 bytes).
    Removing stm32f0xx_ll_utils.o(.text.LL_RCC_PLL_Enable), (20 bytes).
    Removing stm32f0xx_ll_utils.o(.ARM.exidx.text.LL_RCC_PLL_Enable), (8 bytes).
    Removing stm32f0xx_ll_utils.o(.text.LL_RCC_SetAHBPrescaler), (28 bytes).
    Removing stm32f0xx_ll_utils.o(.ARM.exidx.text.LL_RCC_SetAHBPrescaler), (8 bytes).
    Removing stm32f0xx_ll_utils.o(.text.LL_RCC_SetSysClkSource), (28 bytes).
    Removing stm32f0xx_ll_utils.o(.ARM.exidx.text.LL_RCC_SetSysClkSource), (8 bytes).
    Removing stm32f0xx_ll_utils.o(.text.LL_RCC_GetSysClkSource), (16 bytes).
    Removing stm32f0xx_ll_utils.o(.ARM.exidx.text.LL_RCC_GetSysClkSource), (8 bytes).
    Removing stm32f0xx_ll_utils.o(.text.LL_RCC_SetAPB1Prescaler), (28 bytes).
    Removing stm32f0xx_ll_utils.o(.ARM.exidx.text.LL_RCC_SetAPB1Prescaler), (8 bytes).
    Removing stm32f0xx_ll.o(.text), (0 bytes).
    Removing stm32f0xx_hal_msp.o(.text), (0 bytes).
    Removing stm32f0xx_hal_msp.o(.ARM.exidx.text.HAL_MspInit), (8 bytes).
    Removing system_stm32f0xx.o(.text), (0 bytes).
    Removing system_stm32f0xx.o(.ARM.exidx.text.SystemInit), (8 bytes).
    Removing system_stm32f0xx.o(.text.SystemCoreClockUpdate), (208 bytes).
    Removing system_stm32f0xx.o(.ARM.exidx.text.SystemCoreClockUpdate), (8 bytes).
    Removing system_stm32f0xx.o(.rodata.APBPrescTable), (8 bytes).

980 unused section(s) (total 49709 bytes) removed from the image.
